mode: set
github.com/thealanphipps-del/pqr/client.go:22.40,29.2 1 0
github.com/thealanphipps-del/pqr/client.go:32.147,43.16 3 0
github.com/thealanphipps-del/pqr/client.go:43.16,45.3 1 0
github.com/thealanphipps-del/pqr/client.go:46.2,47.16 2 0
github.com/thealanphipps-del/pqr/client.go:47.16,49.3 1 0
github.com/thealanphipps-del/pqr/client.go:50.2,53.16 3 0
github.com/thealanphipps-del/pqr/client.go:53.16,55.3 1 0
github.com/thealanphipps-del/pqr/client.go:56.2,59.67 3 0
github.com/thealanphipps-del/pqr/client.go:59.67,61.3 1 0
github.com/thealanphipps-del/pqr/client.go:63.2,63.43 1 0
github.com/thealanphipps-del/pqr/client.go:63.43,65.3 1 0
github.com/thealanphipps-del/pqr/client.go:67.2,68.9 2 0
github.com/thealanphipps-del/pqr/client.go:68.9,70.3 1 0
github.com/thealanphipps-del/pqr/client.go:72.2,72.16 1 0
github.com/thealanphipps-del/pqr/client.go:76.154,84.16 3 0
github.com/thealanphipps-del/pqr/client.go:84.16,86.3 1 0
github.com/thealanphipps-del/pqr/client.go:87.2,90.16 2 0
github.com/thealanphipps-del/pqr/client.go:90.16,92.3 1 0
github.com/thealanphipps-del/pqr/client.go:93.2,96.16 3 0
github.com/thealanphipps-del/pqr/client.go:96.16,98.3 1 0
github.com/thealanphipps-del/pqr/client.go:99.2,101.38 2 0
github.com/thealanphipps-del/pqr/client.go:101.38,104.3 2 0
github.com/thealanphipps-del/pqr/client.go:106.2,106.12 1 0
github.com/thealanphipps-del/pqr/client.go:110.130,114.16 2 0
github.com/thealanphipps-del/pqr/client.go:114.16,116.3 1 0
github.com/thealanphipps-del/pqr/client.go:118.2,119.16 2 0
github.com/thealanphipps-del/pqr/client.go:119.16,121.3 1 0
github.com/thealanphipps-del/pqr/client.go:122.2,124.38 2 0
github.com/thealanphipps-del/pqr/client.go:124.38,126.3 1 0
github.com/thealanphipps-del/pqr/client.go:128.2,129.65 2 0
github.com/thealanphipps-del/pqr/client.go:129.65,131.3 1 0
github.com/thealanphipps-del/pqr/client.go:132.2,132.18 1 0
github.com/thealanphipps-del/pqr/client.go:136.100,140.16 2 0
github.com/thealanphipps-del/pqr/client.go:140.16,142.3 1 0
github.com/thealanphipps-del/pqr/client.go:144.2,145.16 2 0
github.com/thealanphipps-del/pqr/client.go:145.16,147.3 1 0
github.com/thealanphipps-del/pqr/client.go:148.2,151.67 3 0
github.com/thealanphipps-del/pqr/client.go:151.67,153.3 1 0
github.com/thealanphipps-del/pqr/client.go:155.2,155.38 1 0
github.com/thealanphipps-del/pqr/client.go:155.38,157.3 1 0
github.com/thealanphipps-del/pqr/client.go:159.2,160.9 2 0
github.com/thealanphipps-del/pqr/client.go:160.9,162.3 1 0
github.com/thealanphipps-del/pqr/client.go:164.2,165.28 2 0
github.com/thealanphipps-del/pqr/client.go:165.28,166.49 1 0
github.com/thealanphipps-del/pqr/client.go:166.49,168.4 1 0
github.com/thealanphipps-del/pqr/client.go:171.2,171.24 1 0
github.com/thealanphipps-del/pqr/client.go:175.98,179.16 2 0
github.com/thealanphipps-del/pqr/client.go:179.16,181.3 1 0
github.com/thealanphipps-del/pqr/client.go:183.2,184.16 2 0
github.com/thealanphipps-del/pqr/client.go:184.16,186.3 1 0
github.com/thealanphipps-del/pqr/client.go:187.2,189.38 2 0
github.com/thealanphipps-del/pqr/client.go:189.38,191.3 1 0
github.com/thealanphipps-del/pqr/client.go:193.2,194.67 2 0
github.com/thealanphipps-del/pqr/client.go:194.67,196.3 1 0
github.com/thealanphipps-del/pqr/client.go:197.2,197.20 1 0
github.com/thealanphipps-del/pqr/client.go:201.120,208.16 3 0
github.com/thealanphipps-del/pqr/client.go:208.16,210.3 1 0
github.com/thealanphipps-del/pqr/client.go:211.2,214.16 2 0
github.com/thealanphipps-del/pqr/client.go:214.16,216.3 1 0
github.com/thealanphipps-del/pqr/client.go:217.2,220.16 3 0
github.com/thealanphipps-del/pqr/client.go:220.16,222.3 1 0
github.com/thealanphipps-del/pqr/client.go:223.2,225.38 2 0
github.com/thealanphipps-del/pqr/client.go:225.38,228.3 2 0
github.com/thealanphipps-del/pqr/client.go:230.2,230.12 1 0
github.com/thealanphipps-del/pqr/client.go:234.104,241.16 3 0
github.com/thealanphipps-del/pqr/client.go:241.16,243.3 1 0
github.com/thealanphipps-del/pqr/client.go:244.2,247.16 2 0
github.com/thealanphipps-del/pqr/client.go:247.16,249.3 1 0
github.com/thealanphipps-del/pqr/client.go:250.2,253.16 3 0
github.com/thealanphipps-del/pqr/client.go:253.16,255.3 1 0
github.com/thealanphipps-del/pqr/client.go:256.2,258.38 2 0
github.com/thealanphipps-del/pqr/client.go:258.38,261.3 2 0
github.com/thealanphipps-del/pqr/client.go:263.2,263.12 1 0
github.com/thealanphipps-del/pqr/client.go:267.104,271.16 2 0
github.com/thealanphipps-del/pqr/client.go:271.16,273.3 1 0
github.com/thealanphipps-del/pqr/client.go:275.2,276.16 2 0
github.com/thealanphipps-del/pqr/client.go:276.16,278.3 1 0
github.com/thealanphipps-del/pqr/client.go:279.2,282.67 3 0
github.com/thealanphipps-del/pqr/client.go:282.67,284.3 1 0
github.com/thealanphipps-del/pqr/client.go:286.2,286.38 1 0
github.com/thealanphipps-del/pqr/client.go:286.38,288.3 1 0
github.com/thealanphipps-del/pqr/client.go:290.2,291.9 2 0
github.com/thealanphipps-del/pqr/client.go:291.9,293.3 1 0
github.com/thealanphipps-del/pqr/client.go:295.2,296.30 2 0
github.com/thealanphipps-del/pqr/client.go:296.30,297.57 1 0
github.com/thealanphipps-del/pqr/client.go:297.57,299.4 1 0
github.com/thealanphipps-del/pqr/client.go:302.2,302.23 1 0
github.com/thealanphipps-del/pqr/client.go:306.60,310.16 2 0
github.com/thealanphipps-del/pqr/client.go:310.16,312.3 1 0
github.com/thealanphipps-del/pqr/client.go:314.2,315.16 2 0
github.com/thealanphipps-del/pqr/client.go:315.16,317.3 1 0
github.com/thealanphipps-del/pqr/client.go:318.2,320.46 2 0
github.com/thealanphipps-del/pqr/client.go:324.56,328.16 2 0
github.com/thealanphipps-del/pqr/client.go:328.16,330.3 1 0
github.com/thealanphipps-del/pqr/client.go:332.2,333.16 2 0
github.com/thealanphipps-del/pqr/client.go:333.16,335.3 1 0
github.com/thealanphipps-del/pqr/client.go:336.2,338.38 2 0
github.com/thealanphipps-del/pqr/client.go:338.38,341.3 2 0
github.com/thealanphipps-del/pqr/client.go:343.2,343.12 1 0
github.com/thealanphipps-del/pqr/client.go:354.61,359.2 1 0
github.com/thealanphipps-del/pqr/client.go:362.123,364.16 2 0
github.com/thealanphipps-del/pqr/client.go:364.16,366.3 1 0
github.com/thealanphipps-del/pqr/client.go:369.2,369.98 1 0
github.com/thealanphipps-del/pqr/client.go:369.98,371.3 1 0
github.com/thealanphipps-del/pqr/client.go:373.2,373.22 1 0
github.com/thealanphipps-del/pqr/client.go:377.108,379.2 1 0
github.com/thealanphipps-del/pqr/client.go:382.95,384.2 1 0
github.com/thealanphipps-del/pqr/client.go:387.93,389.16 2 0
github.com/thealanphipps-del/pqr/client.go:389.16,391.3 1 0
github.com/thealanphipps-del/pqr/client.go:393.2,393.28 1 0
github.com/thealanphipps-del/pqr/client.go:393.28,395.75 2 0
github.com/thealanphipps-del/pqr/client.go:395.75,396.62 1 0
github.com/thealanphipps-del/pqr/client.go:396.62,398.19 2 0
github.com/thealanphipps-del/pqr/client.go:398.19,401.6 1 0
github.com/thealanphipps-del/pqr/client.go:402.5,402.32 1 0
github.com/thealanphipps-del/pqr/client.go:406.2,406.56 1 0
github.com/thealanphipps-del/pqr/server.go:29.134,47.2 9 0
github.com/thealanphipps-del/pqr/server.go:47.2,97.3 28 0
github.com/thealanphipps-del/pqr/server.go:100.2,100.19 1 0
github.com/thealanphipps-del/pqr/server.go:100.19,104.3 3 0
github.com/thealanphipps-del/pqr/server.go:106.2,106.10 1 0
github.com/thealanphipps-del/pqr/server.go:109.53,119.47 2 0
github.com/thealanphipps-del/pqr/server.go:119.47,122.3 2 0
github.com/thealanphipps-del/pqr/server.go:124.2,124.23 1 0
github.com/thealanphipps-del/pqr/server.go:124.23,126.3 1 0
github.com/thealanphipps-del/pqr/server.go:127.2,127.20 1 0
github.com/thealanphipps-del/pqr/server.go:127.20,129.3 1 0
github.com/thealanphipps-del/pqr/server.go:131.2,135.37 2 0
github.com/thealanphipps-del/pqr/server.go:135.37,137.3 1 0
github.com/thealanphipps-del/pqr/server.go:139.2,140.16 2 0
github.com/thealanphipps-del/pqr/server.go:140.16,143.3 2 0
github.com/thealanphipps-del/pqr/server.go:146.2,152.4 3 0
github.com/thealanphipps-del/pqr/server.go:155.50,158.16 3 0
github.com/thealanphipps-del/pqr/server.go:158.16,161.3 2 0
github.com/thealanphipps-del/pqr/server.go:163.2,164.16 2 0
github.com/thealanphipps-del/pqr/server.go:164.16,167.3 2 0
github.com/thealanphipps-del/pqr/server.go:169.2,177.4 1 0
github.com/thealanphipps-del/pqr/server.go:180.53,183.16 3 0
github.com/thealanphipps-del/pqr/server.go:183.16,186.3 2 0
github.com/thealanphipps-del/pqr/server.go:188.2,194.47 2 0
github.com/thealanphipps-del/pqr/server.go:194.47,197.3 2 0
github.com/thealanphipps-del/pqr/server.go:200.2,201.16 2 0
github.com/thealanphipps-del/pqr/server.go:201.16,202.79 1 0
github.com/thealanphipps-del/pqr/server.go:202.79,205.4 2 0
github.com/thealanphipps-del/pqr/server.go:208.2,209.16 2 0
github.com/thealanphipps-del/pqr/server.go:209.16,212.3 2 0
github.com/thealanphipps-del/pqr/server.go:214.2,214.52 1 0
github.com/thealanphipps-del/pqr/server.go:217.54,219.16 2 0
github.com/thealanphipps-del/pqr/server.go:219.16,222.3 2 0
github.com/thealanphipps-del/pqr/server.go:225.2,226.28 2 0
github.com/thealanphipps-del/pqr/server.go:226.28,239.21 3 0
github.com/thealanphipps-del/pqr/server.go:239.21,242.4 2 0
github.com/thealanphipps-del/pqr/server.go:244.3,244.36 1 0
github.com/thealanphipps-del/pqr/server.go:246.2,246.33 1 0
github.com/thealanphipps-del/pqr/server.go:249.41,251.2 1 0
github.com/thealanphipps-del/pqr/server.go:253.52,263.47 4 0
github.com/thealanphipps-del/pqr/server.go:263.47,266.3 2 0
github.com/thealanphipps-del/pqr/server.go:268.2,269.16 2 0
github.com/thealanphipps-del/pqr/server.go:269.16,272.3 2 0
github.com/thealanphipps-del/pqr/server.go:274.2,274.128 1 0
github.com/thealanphipps-del/pqr/server.go:274.128,277.3 2 0
github.com/thealanphipps-del/pqr/server.go:279.2,279.96 1 0
github.com/thealanphipps-del/pqr/server.go:282.50,287.19 4 0
github.com/thealanphipps-del/pqr/server.go:287.19,289.3 1 0
github.com/thealanphipps-del/pqr/server.go:291.2,292.16 2 0
github.com/thealanphipps-del/pqr/server.go:292.16,295.3 2 0
github.com/thealanphipps-del/pqr/server.go:297.2,298.16 2 0
github.com/thealanphipps-del/pqr/server.go:298.16,301.3 2 0
github.com/thealanphipps-del/pqr/server.go:303.2,303.29 1 0
github.com/thealanphipps-del/pqr/server.go:306.56,310.16 3 0
github.com/thealanphipps-del/pqr/server.go:310.16,313.3 2 0
github.com/thealanphipps-del/pqr/server.go:315.2,315.76 1 0
github.com/thealanphipps-del/pqr/server.go:318.54,321.16 3 0
github.com/thealanphipps-del/pqr/server.go:321.16,324.3 2 0
github.com/thealanphipps-del/pqr/server.go:326.2,327.16 2 0
github.com/thealanphipps-del/pqr/server.go:327.16,330.3 2 0
github.com/thealanphipps-del/pqr/server.go:332.2,332.69 1 0
github.com/thealanphipps-del/pqr/server.go:335.52,344.47 4 0
github.com/thealanphipps-del/pqr/server.go:344.47,347.3 2 0
github.com/thealanphipps-del/pqr/server.go:349.2,350.16 2 0
github.com/thealanphipps-del/pqr/server.go:350.16,353.3 2 0
github.com/thealanphipps-del/pqr/server.go:355.2,356.16 2 0
github.com/thealanphipps-del/pqr/server.go:356.16,359.3 2 0
github.com/thealanphipps-del/pqr/server.go:361.2,362.136 2 0
github.com/thealanphipps-del/pqr/server.go:362.136,364.3 1 0
github.com/thealanphipps-del/pqr/server.go:366.2,366.108 1 0
github.com/thealanphipps-del/pqr/server.go:366.108,369.3 2 0
github.com/thealanphipps-del/pqr/server.go:371.2,371.97 1 0
github.com/thealanphipps-del/pqr/server.go:374.47,380.2 1 0
github.com/thealanphipps-del/pqr/server.go:382.51,384.16 2 0
github.com/thealanphipps-del/pqr/server.go:384.16,387.3 2 0
github.com/thealanphipps-del/pqr/server.go:389.2,394.4 2 0
github.com/thealanphipps-del/pqr/server.go:397.51,398.66 1 0
github.com/thealanphipps-del/pqr/server.go:398.66,401.3 2 0
github.com/thealanphipps-del/pqr/server.go:403.2,403.63 1 0
github.com/thealanphipps-del/pqr/server.go:406.60,411.47 2 0
github.com/thealanphipps-del/pqr/server.go:411.47,414.3 2 0
github.com/thealanphipps-del/pqr/server.go:415.2,416.16 2 0
github.com/thealanphipps-del/pqr/server.go:416.16,419.3 2 0
github.com/thealanphipps-del/pqr/server.go:420.2,420.54 1 0
github.com/thealanphipps-del/pqr/server.go:423.64,426.16 3 0
github.com/thealanphipps-del/pqr/server.go:426.16,429.3 2 0
github.com/thealanphipps-del/pqr/server.go:430.2,430.78 1 0
github.com/thealanphipps-del/pqr/server.go:430.78,433.3 2 0
github.com/thealanphipps-del/pqr/server.go:434.2,434.64 1 0
github.com/thealanphipps-del/pqr/server.go:437.61,442.47 2 0
github.com/thealanphipps-del/pqr/server.go:442.47,445.3 2 0
github.com/thealanphipps-del/pqr/server.go:446.2,447.86 2 0
github.com/thealanphipps-del/pqr/server.go:447.86,450.3 2 0
github.com/thealanphipps-del/pqr/server.go:451.2,451.61 1 0
github.com/thealanphipps-del/pqr/server.go:454.61,460.47 2 0
github.com/thealanphipps-del/pqr/server.go:460.47,463.3 2 0
github.com/thealanphipps-del/pqr/server.go:464.2,465.101 2 0
github.com/thealanphipps-del/pqr/server.go:465.101,468.3 2 0
github.com/thealanphipps-del/pqr/server.go:469.2,469.88 1 0
github.com/thealanphipps-del/pqr/server.go:471.47,474.47 2 0
github.com/thealanphipps-del/pqr/server.go:474.47,477.3 2 0
github.com/thealanphipps-del/pqr/server.go:479.2,481.16 3 0
github.com/thealanphipps-del/pqr/server.go:481.16,484.3 2 0
github.com/thealanphipps-del/pqr/server.go:486.2,486.42 1 0
github.com/thealanphipps-del/pqr/server.go:489.52,491.20 2 0
github.com/thealanphipps-del/pqr/server.go:491.20,493.3 1 0
github.com/thealanphipps-del/pqr/server.go:495.2,501.16 3 0
github.com/thealanphipps-del/pqr/server.go:501.16,504.3 2 0
github.com/thealanphipps-del/pqr/server.go:505.2,507.38 2 0
github.com/thealanphipps-del/pqr/server.go:507.38,509.3 1 0
github.com/thealanphipps-del/pqr/server.go:509.8,511.3 1 0
github.com/thealanphipps-del/pqr/server.go:513.49,516.16 3 0
github.com/thealanphipps-del/pqr/server.go:516.16,519.3 2 0
github.com/thealanphipps-del/pqr/server.go:523.2,526.4 1 0
github.com/thealanphipps-del/pqr/server.go:529.50,534.47 2 0
github.com/thealanphipps-del/pqr/server.go:534.47,537.3 2 0
github.com/thealanphipps-del/pqr/server.go:539.2,540.20 2 0
github.com/thealanphipps-del/pqr/server.go:540.20,542.3 1 0
github.com/thealanphipps-del/pqr/server.go:544.2,545.21 2 0
github.com/thealanphipps-del/pqr/server.go:545.21,547.22 2 0
github.com/thealanphipps-del/pqr/server.go:547.22,549.4 1 0
github.com/thealanphipps-del/pqr/server.go:553.2,555.35 3 0
github.com/thealanphipps-del/pqr/server.go:555.35,557.3 1 0
github.com/thealanphipps-del/pqr/server.go:559.2,563.67 3 0
github.com/thealanphipps-del/pqr/server.go:563.67,580.17 8 0
github.com/thealanphipps-del/pqr/server.go:580.17,582.4 1 0
github.com/thealanphipps-del/pqr/server.go:583.3,590.21 6 0
github.com/thealanphipps-del/pqr/server.go:594.2,595.16 2 0
github.com/thealanphipps-del/pqr/server.go:595.16,598.3 2 0
github.com/thealanphipps-del/pqr/server.go:601.2,601.117 1 0
github.com/thealanphipps-del/pqr/server.go:601.117,605.17 4 0
github.com/thealanphipps-del/pqr/server.go:605.17,608.4 2 0
github.com/thealanphipps-del/pqr/server.go:611.2,611.48 1 0
github.com/thealanphipps-del/pqr/server.go:611.48,628.3 5 0
github.com/thealanphipps-del/pqr/server.go:631.2,632.63 2 0
github.com/thealanphipps-del/pqr/server.go:632.63,633.49 1 0
github.com/thealanphipps-del/pqr/server.go:633.49,635.4 1 0
github.com/thealanphipps-del/pqr/server.go:638.2,638.20 1 0
github.com/thealanphipps-del/pqr/server.go:638.20,641.3 2 0
github.com/thealanphipps-del/pqr/server.go:643.2,663.4 6 0
github.com/thealanphipps-del/pqr/server.go:666.53,670.47 2 0
github.com/thealanphipps-del/pqr/server.go:670.47,673.3 2 0
github.com/thealanphipps-del/pqr/server.go:675.2,676.17 2 0
github.com/thealanphipps-del/pqr/server.go:676.17,678.3 1 0
github.com/thealanphipps-del/pqr/server.go:680.2,694.16 7 0
github.com/thealanphipps-del/pqr/server.go:694.16,697.3 2 0
github.com/thealanphipps-del/pqr/server.go:698.2,704.78 5 0
github.com/thealanphipps-del/pqr/server.go:704.78,705.60 1 0
github.com/thealanphipps-del/pqr/server.go:705.60,706.65 1 0
github.com/thealanphipps-del/pqr/server.go:706.65,708.5 1 0
github.com/thealanphipps-del/pqr/server.go:713.2,719.4 3 0
github.com/thealanphipps-del/pqr/server.go:722.55,724.17 2 0
github.com/thealanphipps-del/pqr/server.go:724.17,726.3 1 0
github.com/thealanphipps-del/pqr/server.go:727.2,729.16 3 0
github.com/thealanphipps-del/pqr/server.go:729.16,732.3 2 0
github.com/thealanphipps-del/pqr/server.go:733.2,734.50 2 0
github.com/thealanphipps-del/pqr/server.go:736.50,740.47 2 0
github.com/thealanphipps-del/pqr/server.go:740.47,743.3 2 0
github.com/thealanphipps-del/pqr/server.go:745.2,746.16 2 0
github.com/thealanphipps-del/pqr/server.go:746.16,749.3 2 0
github.com/thealanphipps-del/pqr/server.go:752.2,759.4 3 0
github.com/thealanphipps-del/pqr/server.go:765.56,770.43 3 0
github.com/thealanphipps-del/pqr/server.go:770.43,774.3 3 0
github.com/thealanphipps-del/pqr/server.go:776.2,781.47 2 0
github.com/thealanphipps-del/pqr/server.go:781.47,784.3 2 0
github.com/thealanphipps-del/pqr/server.go:786.2,788.21 2 0
github.com/thealanphipps-del/pqr/server.go:789.27,791.20 2 0
github.com/thealanphipps-del/pqr/server.go:791.20,791.48 1 0
github.com/thealanphipps-del/pqr/server.go:792.3,797.5 1 0
github.com/thealanphipps-del/pqr/server.go:799.29,801.33 2 0
github.com/thealanphipps-del/pqr/server.go:803.25,807.17 4 0
github.com/thealanphipps-del/pqr/server.go:807.17,810.4 2 0
github.com/thealanphipps-del/pqr/server.go:811.3,811.65 1 0
github.com/thealanphipps-del/pqr/server.go:813.10,814.75 1 0
github.com/thealanphipps-del/pqr/server.go:821.47,830.2 1 0
github.com/thealanphipps-del/pqr/server.go:832.47,834.15 2 0
github.com/thealanphipps-del/pqr/server.go:834.15,837.3 2 0
github.com/thealanphipps-del/pqr/server.go:838.2,839.16 2 0
github.com/thealanphipps-del/pqr/server.go:839.16,842.3 2 0
github.com/thealanphipps-del/pqr/server.go:843.2,843.33 1 0
github.com/thealanphipps-del/pqr/server.go:846.50,850.2 1 0
github.com/thealanphipps-del/pqr/server.go:852.45,856.2 1 0
github.com/thealanphipps-del/pqr/internal/infrastructure/db/cockroach.go:17.75,19.16 2 0
github.com/thealanphipps-del/pqr/internal/infrastructure/db/cockroach.go:19.16,21.3 1 0
github.com/thealanphipps-del/pqr/internal/infrastructure/db/cockroach.go:22.2,22.42 1 0
github.com/thealanphipps-del/pqr/internal/infrastructure/db/cockroach.go:25.102,32.2 2 0
github.com/thealanphipps-del/pqr/internal/infrastructure/db/cockroach.go:34.100,38.2 3 0
github.com/thealanphipps-del/pqr/internal/infrastructure/db/cockroach.go:40.120,42.16 2 0
github.com/thealanphipps-del/pqr/internal/infrastructure/db/cockroach.go:42.16,44.3 1 0
github.com/thealanphipps-del/pqr/internal/infrastructure/db/cockroach.go:45.2,51.16 3 0
github.com/thealanphipps-del/pqr/internal/infrastructure/db/cockroach.go:51.16,53.3 1 0
github.com/thealanphipps-del/pqr/internal/infrastructure/db/cockroach.go:55.2,60.16 3 0
github.com/thealanphipps-del/pqr/internal/infrastructure/db/cockroach.go:60.16,62.3 1 0
github.com/thealanphipps-del/pqr/internal/infrastructure/db/cockroach.go:64.2,64.20 1 0
github.com/thealanphipps-del/pqr/internal/infrastructure/db/cockroach.go:67.127,86.16 10 0
github.com/thealanphipps-del/pqr/internal/infrastructure/db/cockroach.go:86.16,87.27 1 0
github.com/thealanphipps-del/pqr/internal/infrastructure/db/cockroach.go:87.27,89.4 1 0
github.com/thealanphipps-del/pqr/internal/infrastructure/db/cockroach.go:90.3,90.23 1 0
github.com/thealanphipps-del/pqr/internal/infrastructure/db/cockroach.go:93.2,93.26 1 0
github.com/thealanphipps-del/pqr/internal/infrastructure/db/cockroach.go:93.26,95.3 1 0
github.com/thealanphipps-del/pqr/internal/infrastructure/db/cockroach.go:96.2,96.26 1 0
github.com/thealanphipps-del/pqr/internal/infrastructure/db/cockroach.go:96.26,98.3 1 0
github.com/thealanphipps-del/pqr/internal/infrastructure/db/cockroach.go:99.2,99.26 1 0
github.com/thealanphipps-del/pqr/internal/infrastructure/db/cockroach.go:99.26,101.3 1 0
github.com/thealanphipps-del/pqr/internal/infrastructure/db/cockroach.go:103.2,103.23 1 0
github.com/thealanphipps-del/pqr/internal/infrastructure/db/cockroach.go:103.23,105.3 1 0
github.com/thealanphipps-del/pqr/internal/infrastructure/db/cockroach.go:106.2,106.31 1 0
github.com/thealanphipps-del/pqr/internal/infrastructure/db/cockroach.go:106.31,108.3 1 0
github.com/thealanphipps-del/pqr/internal/infrastructure/db/cockroach.go:110.2,112.26 3 0
github.com/thealanphipps-del/pqr/internal/infrastructure/db/cockroach.go:112.26,114.3 1 0
github.com/thealanphipps-del/pqr/internal/infrastructure/db/cockroach.go:115.2,115.23 1 0
github.com/thealanphipps-del/pqr/internal/infrastructure/db/cockroach.go:115.23,117.3 1 0
github.com/thealanphipps-del/pqr/internal/infrastructure/db/cockroach.go:118.2,118.23 1 0
github.com/thealanphipps-del/pqr/internal/infrastructure/db/cockroach.go:118.23,120.3 1 0
github.com/thealanphipps-del/pqr/internal/infrastructure/db/cockroach.go:122.2,122.20 1 0
github.com/thealanphipps-del/pqr/internal/infrastructure/db/cockroach.go:125.108,129.2 1 0
github.com/thealanphipps-del/pqr/internal/infrastructure/db/cockroach.go:131.154,132.18 1 0
github.com/thealanphipps-del/pqr/internal/infrastructure/db/cockroach.go:132.18,134.17 2 0
github.com/thealanphipps-del/pqr/internal/infrastructure/db/cockroach.go:134.17,136.4 1 0
github.com/thealanphipps-del/pqr/internal/infrastructure/db/cockroach.go:139.2,139.22 1 0
github.com/thealanphipps-del/pqr/internal/infrastructure/db/cockroach.go:139.22,141.17 2 0
github.com/thealanphipps-del/pqr/internal/infrastructure/db/cockroach.go:141.17,143.4 1 0
github.com/thealanphipps-del/pqr/internal/infrastructure/db/cockroach.go:146.2,146.17 1 0
github.com/thealanphipps-del/pqr/internal/infrastructure/db/cockroach.go:146.17,152.17 2 0
github.com/thealanphipps-del/pqr/internal/infrastructure/db/cockroach.go:152.17,154.4 1 0
github.com/thealanphipps-del/pqr/internal/infrastructure/db/cockroach.go:157.2,157.42 1 0
github.com/thealanphipps-del/pqr/internal/infrastructure/db/cockroach.go:157.42,159.17 2 0
github.com/thealanphipps-del/pqr/internal/infrastructure/db/cockroach.go:159.17,161.4 1 0
github.com/thealanphipps-del/pqr/internal/infrastructure/db/cockroach.go:164.2,164.12 1 0
github.com/thealanphipps-del/pqr/internal/infrastructure/db/cockroach.go:168.105,175.2 2 0
github.com/thealanphipps-del/pqr/internal/infrastructure/db/cockroach.go:177.135,186.16 2 0
github.com/thealanphipps-del/pqr/internal/infrastructure/db/cockroach.go:186.16,188.3 1 0
github.com/thealanphipps-del/pqr/internal/infrastructure/db/cockroach.go:189.2,192.18 3 0
github.com/thealanphipps-del/pqr/internal/infrastructure/db/cockroach.go:192.18,194.72 2 0
github.com/thealanphipps-del/pqr/internal/infrastructure/db/cockroach.go:194.72,196.4 1 0
github.com/thealanphipps-del/pqr/internal/infrastructure/db/cockroach.go:197.3,197.31 1 0
github.com/thealanphipps-del/pqr/internal/infrastructure/db/cockroach.go:199.2,199.21 1 0
github.com/thealanphipps-del/pqr/internal/infrastructure/db/cockroach.go:202.125,209.2 2 0
github.com/thealanphipps-del/pqr/internal/infrastructure/db/cockroach.go:211.105,216.16 2 0
github.com/thealanphipps-del/pqr/internal/infrastructure/db/cockroach.go:216.16,218.3 1 0
github.com/thealanphipps-del/pqr/internal/infrastructure/db/cockroach.go:219.2,222.18 3 0
github.com/thealanphipps-del/pqr/internal/infrastructure/db/cockroach.go:222.18,225.115 3 0
github.com/thealanphipps-del/pqr/internal/infrastructure/db/cockroach.go:225.115,227.4 1 0
github.com/thealanphipps-del/pqr/internal/infrastructure/db/cockroach.go:228.3,228.27 1 0
github.com/thealanphipps-del/pqr/internal/infrastructure/db/cockroach.go:228.27,230.4 1 0
github.com/thealanphipps-del/pqr/internal/infrastructure/db/cockroach.go:231.3,231.31 1 0
github.com/thealanphipps-del/pqr/internal/infrastructure/db/cockroach.go:233.2,233.21 1 0
github.com/thealanphipps-del/pqr/internal/infrastructure/db/cockroach.go:236.160,247.2 3 0
github.com/thealanphipps-del/pqr/internal/infrastructure/db/cockroach.go:249.140,256.16 3 0
github.com/thealanphipps-del/pqr/internal/infrastructure/db/cockroach.go:256.16,258.3 1 0
github.com/thealanphipps-del/pqr/internal/infrastructure/db/cockroach.go:260.2,262.18 3 0
github.com/thealanphipps-del/pqr/internal/infrastructure/db/cockroach.go:265.121,275.16 2 0
github.com/thealanphipps-del/pqr/internal/infrastructure/db/cockroach.go:275.16,277.3 1 0
github.com/thealanphipps-del/pqr/internal/infrastructure/db/cockroach.go:278.2,281.18 3 0
github.com/thealanphipps-del/pqr/internal/infrastructure/db/cockroach.go:281.18,285.123 4 0
github.com/thealanphipps-del/pqr/internal/infrastructure/db/cockroach.go:285.123,287.4 1 0
github.com/thealanphipps-del/pqr/internal/infrastructure/db/cockroach.go:288.3,288.27 1 0
github.com/thealanphipps-del/pqr/internal/infrastructure/db/cockroach.go:288.27,290.4 1 0
github.com/thealanphipps-del/pqr/internal/infrastructure/db/cockroach.go:291.3,291.31 1 0
github.com/thealanphipps-del/pqr/internal/infrastructure/db/cockroach.go:293.2,293.21 1 0
github.com/thealanphipps-del/pqr/internal/infrastructure/db/cockroach.go:296.109,304.16 2 0
github.com/thealanphipps-del/pqr/internal/infrastructure/db/cockroach.go:304.16,306.3 1 0
github.com/thealanphipps-del/pqr/internal/infrastructure/db/cockroach.go:307.2,310.18 3 0
github.com/thealanphipps-del/pqr/internal/infrastructure/db/cockroach.go:310.18,314.113 3 0
github.com/thealanphipps-del/pqr/internal/infrastructure/db/cockroach.go:314.113,316.4 1 0
github.com/thealanphipps-del/pqr/internal/infrastructure/db/cockroach.go:318.3,318.19 1 0
github.com/thealanphipps-del/pqr/internal/infrastructure/db/cockroach.go:318.19,320.4 1 0
github.com/thealanphipps-del/pqr/internal/infrastructure/db/cockroach.go:321.3,321.19 1 0
github.com/thealanphipps-del/pqr/internal/infrastructure/db/cockroach.go:321.19,323.4 1 0
github.com/thealanphipps-del/pqr/internal/infrastructure/db/cockroach.go:324.3,325.31 2 0
github.com/thealanphipps-del/pqr/internal/infrastructure/db/cockroach.go:327.2,327.19 1 0
github.com/thealanphipps-del/pqr/internal/infrastructure/db/cockroach.go:330.92,338.2 4 0
github.com/thealanphipps-del/pqr/internal/infrastructure/db/cockroach.go:340.85,346.2 2 0
github.com/thealanphipps-del/pqr/internal/infrastructure/db/cockroach.go:348.105,354.16 3 0
github.com/thealanphipps-del/pqr/internal/infrastructure/db/cockroach.go:354.16,356.3 1 0
github.com/thealanphipps-del/pqr/internal/infrastructure/db/cockroach.go:357.2,357.16 1 0
github.com/thealanphipps-del/pqr/internal/infrastructure/db/cockroach.go:360.99,366.16 3 0
github.com/thealanphipps-del/pqr/internal/infrastructure/db/cockroach.go:366.16,368.3 1 0
github.com/thealanphipps-del/pqr/internal/infrastructure/db/cockroach.go:369.2,369.16 1 0
github.com/thealanphipps-del/pqr/internal/infrastructure/db/cockroach.go:372.69,454.31 2 0
github.com/thealanphipps-del/pqr/internal/infrastructure/db/cockroach.go:454.31,455.57 1 0
github.com/thealanphipps-del/pqr/internal/infrastructure/db/cockroach.go:455.57,457.4 1 0
github.com/thealanphipps-del/pqr/internal/infrastructure/db/cockroach.go:461.2,463.12 2 0
github.com/thealanphipps-del/pqr/internal/infrastructure/db/cockroach.go:466.123,480.29 5 0
github.com/thealanphipps-del/pqr/internal/infrastructure/db/cockroach.go:480.29,481.46 1 0
github.com/thealanphipps-del/pqr/internal/infrastructure/db/cockroach.go:481.46,485.4 3 0
github.com/thealanphipps-del/pqr/internal/infrastructure/db/cockroach.go:487.2,490.16 3 0
github.com/thealanphipps-del/pqr/internal/infrastructure/db/cockroach.go:490.16,492.3 1 0
github.com/thealanphipps-del/pqr/internal/infrastructure/db/cockroach.go:493.2,496.18 3 0
github.com/thealanphipps-del/pqr/internal/infrastructure/db/cockroach.go:496.18,498.98 2 0
github.com/thealanphipps-del/pqr/internal/infrastructure/db/cockroach.go:498.98,500.4 1 0
github.com/thealanphipps-del/pqr/internal/infrastructure/db/cockroach.go:501.3,501.31 1 0
github.com/thealanphipps-del/pqr/internal/infrastructure/db/cockroach.go:503.2,503.21 1 0
github.com/thealanphipps-del/pqr/internal/infrastructure/db/cockroach.go:506.115,509.2 2 0
github.com/thealanphipps-del/pqr/internal/infrastructure/db/seed.go:11.79,21.27 2 0
github.com/thealanphipps-del/pqr/internal/infrastructure/db/seed.go:21.27,31.17 3 0
github.com/thealanphipps-del/pqr/internal/infrastructure/db/seed.go:31.17,33.4 1 0
github.com/thealanphipps-del/pqr/internal/infrastructure/db/seed.go:36.2,36.12 1 0
github.com/thealanphipps-del/pqr/internal/infrastructure/db/seed.go:39.70,59.12 6 0
github.com/thealanphipps-del/pqr/internal/infrastructure/db/seed.go:59.12,61.3 1 0
github.com/thealanphipps-del/pqr/internal/infrastructure/db/seed.go:63.2,63.75 1 0
github.com/thealanphipps-del/pqr/internal/infrastructure/db/seed.go:63.75,65.3 1 0
github.com/thealanphipps-del/pqr/internal/infrastructure/db/seed.go:68.2,82.69 4 0
github.com/thealanphipps-del/pqr/internal/infrastructure/db/seed.go:82.69,84.3 1 0
github.com/thealanphipps-del/pqr/internal/infrastructure/db/seed.go:85.2,99.35 3 0
github.com/thealanphipps-del/pqr/internal/infrastructure/db/seed.go:99.35,112.51 4 0
github.com/thealanphipps-del/pqr/internal/infrastructure/db/seed.go:112.51,114.4 1 0
github.com/thealanphipps-del/pqr/internal/infrastructure/db/seed.go:115.3,115.48 1 0
github.com/thealanphipps-del/pqr/internal/infrastructure/db/seed.go:118.2,118.12 1 0
github.com/thealanphipps-del/pqr/cmd/pqr/main.go:25.13,27.19 2 0
github.com/thealanphipps-del/pqr/cmd/pqr/main.go:27.19,29.3 1 0
github.com/thealanphipps-del/pqr/cmd/pqr/main.go:32.2,33.16 2 0
github.com/thealanphipps-del/pqr/cmd/pqr/main.go:33.16,35.3 1 0
github.com/thealanphipps-del/pqr/cmd/pqr/main.go:38.2,51.49 8 0
github.com/thealanphipps-del/pqr/cmd/pqr/main.go:51.49,53.3 1 0
github.com/thealanphipps-del/pqr/cmd/pqr/main.go:56.2,56.59 1 0
github.com/thealanphipps-del/pqr/cmd/pqr/main.go:56.59,58.3 1 0
github.com/thealanphipps-del/pqr/cmd/pqr/main.go:59.2,59.50 1 0
github.com/thealanphipps-del/pqr/cmd/pqr/main.go:59.50,61.3 1 0
github.com/thealanphipps-del/pqr/cmd/pqr/main.go:63.2,71.19 5 0
github.com/thealanphipps-del/pqr/cmd/pqr/main.go:71.19,73.3 1 0
github.com/thealanphipps-del/pqr/cmd/pqr/main.go:75.2,81.45 5 0
github.com/thealanphipps-del/pqr/cmd/pqr/main.go:81.45,84.17 3 0
github.com/thealanphipps-del/pqr/cmd/pqr/main.go:84.17,87.18 3 0
github.com/thealanphipps-del/pqr/cmd/pqr/main.go:87.18,89.5 1 0
github.com/thealanphipps-del/pqr/cmd/pqr/main.go:91.8,94.17 3 0
github.com/thealanphipps-del/pqr/cmd/pqr/main.go:94.17,96.4 1 0
github.com/thealanphipps-del/pqr/cmd/pqr/main.go:99.2,100.16 2 0
github.com/thealanphipps-del/pqr/cmd/pqr/main.go:100.16,102.3 1 0
github.com/thealanphipps-del/pqr/cmd/pqr/main.go:102.8,104.3 1 0
github.com/thealanphipps-del/pqr/cmd/pqr/main.go:107.2,113.16 5 0
github.com/thealanphipps-del/pqr/cmd/pqr/main.go:113.16,115.3 1 0
github.com/thealanphipps-del/pqr/cmd/pqr/main.go:116.2,116.37 1 0
github.com/thealanphipps-del/pqr/cmd/pqr/main.go:116.37,118.3 1 0
github.com/thealanphipps-del/pqr/cmd/pqr/main.go:120.2,127.12 3 0
github.com/thealanphipps-del/pqr/cmd/pqr/main.go:127.12,128.87 1 0
github.com/thealanphipps-del/pqr/cmd/pqr/main.go:128.87,130.4 1 0
github.com/thealanphipps-del/pqr/cmd/pqr/main.go:133.2,138.50 5 0
github.com/thealanphipps-del/pqr/cmd/pqr/main.go:138.50,140.3 1 0
github.com/thealanphipps-del/pqr/cmd/pqr/main.go:141.2,141.31 1 0
github.com/thealanphipps-del/pqr/internal/service/ai_service.go:19.32,21.17 2 0
github.com/thealanphipps-del/pqr/internal/service/ai_service.go:21.17,23.3 1 0
github.com/thealanphipps-del/pqr/internal/service/ai_service.go:25.2,26.14 2 0
github.com/thealanphipps-del/pqr/internal/service/ai_service.go:26.14,28.3 1 0
github.com/thealanphipps-del/pqr/internal/service/ai_service.go:30.2,33.3 1 0
github.com/thealanphipps-del/pqr/internal/service/ai_service.go:37.92,40.30 2 0
github.com/thealanphipps-del/pqr/internal/service/ai_service.go:40.30,42.3 1 0
github.com/thealanphipps-del/pqr/internal/service/ai_service.go:45.2,46.30 2 0
github.com/thealanphipps-del/pqr/internal/service/ai_service.go:46.30,48.3 1 0
github.com/thealanphipps-del/pqr/internal/service/ai_service.go:50.2,50.55 1 0
github.com/thealanphipps-del/pqr/internal/service/ai_service.go:53.91,64.16 4 0
github.com/thealanphipps-del/pqr/internal/service/ai_service.go:64.16,66.3 1 0
github.com/thealanphipps-del/pqr/internal/service/ai_service.go:67.2,75.36 4 0
github.com/thealanphipps-del/pqr/internal/service/ai_service.go:78.94,90.16 4 0
github.com/thealanphipps-del/pqr/internal/service/ai_service.go:90.16,92.3 1 0
github.com/thealanphipps-del/pqr/internal/service/ai_service.go:93.2,104.67 3 0
github.com/thealanphipps-del/pqr/internal/service/ai_service.go:104.67,106.3 1 0
github.com/thealanphipps-del/pqr/internal/service/ai_service.go:108.2,108.73 1 0
github.com/thealanphipps-del/pqr/internal/service/ai_service.go:108.73,110.3 1 0
github.com/thealanphipps-del/pqr/internal/service/ai_service.go:112.2,112.47 1 0
github.com/thealanphipps-del/pqr/internal/service/auth_service.go:24.132,26.16 2 0
github.com/thealanphipps-del/pqr/internal/service/auth_service.go:26.16,28.3 1 0
github.com/thealanphipps-del/pqr/internal/service/auth_service.go:31.2,53.25 13 0
github.com/thealanphipps-del/pqr/internal/service/auth_service.go:57.78,58.20 1 0
github.com/thealanphipps-del/pqr/internal/service/auth_service.go:58.20,60.17 2 0
github.com/thealanphipps-del/pqr/internal/service/auth_service.go:60.17,64.4 3 0
github.com/thealanphipps-del/pqr/internal/service/auth_service.go:66.2,66.23 1 0
github.com/thealanphipps-del/pqr/internal/service/auth_service.go:70.73,72.2 1 0
github.com/thealanphipps-del/pqr/internal/service/auth_service.go:75.84,85.57 2 0
github.com/thealanphipps-del/pqr/internal/service/auth_service.go:85.57,87.3 1 0
github.com/thealanphipps-del/pqr/internal/service/auth_service.go:88.2,88.12 1 0
github.com/thealanphipps-del/pqr/internal/service/auth_service.go:92.52,94.2 1 0
github.com/thealanphipps-del/pqr/internal/service/auth_service.go:97.126,99.16 2 0
github.com/thealanphipps-del/pqr/internal/service/auth_service.go:99.16,101.3 1 0
github.com/thealanphipps-del/pqr/internal/service/auth_service.go:104.2,107.20 3 0
github.com/thealanphipps-del/pqr/internal/service/auth_service.go:107.20,110.3 2 0
github.com/thealanphipps-del/pqr/internal/service/auth_service.go:112.2,112.27 1 0
github.com/thealanphipps-del/pqr/internal/service/healing_service.go:19.104,25.2 1 0
github.com/thealanphipps-del/pqr/internal/service/healing_service.go:28.69,31.12 3 0
github.com/thealanphipps-del/pqr/internal/service/healing_service.go:31.12,32.7 1 0
github.com/thealanphipps-del/pqr/internal/service/healing_service.go:32.7,33.11 1 0
github.com/thealanphipps-del/pqr/internal/service/healing_service.go:34.22,35.11 1 0
github.com/thealanphipps-del/pqr/internal/service/healing_service.go:36.20,37.33 1 0
github.com/thealanphipps-del/pqr/internal/service/healing_service.go:43.69,46.16 2 0
github.com/thealanphipps-del/pqr/internal/service/healing_service.go:46.16,48.3 1 0
github.com/thealanphipps-del/pqr/internal/service/healing_service.go:50.2,50.28 1 0
github.com/thealanphipps-del/pqr/internal/service/healing_service.go:50.28,51.21 1 0
github.com/thealanphipps-del/pqr/internal/service/healing_service.go:51.21,54.4 2 0
github.com/thealanphipps-del/pqr/internal/service/healing_service.go:60.92,62.16 2 0
github.com/thealanphipps-del/pqr/internal/service/healing_service.go:62.16,64.3 1 0
github.com/thealanphipps-del/pqr/internal/service/healing_service.go:66.2,66.64 1 0
github.com/thealanphipps-del/pqr/internal/service/healing_service.go:66.64,68.3 1 0
github.com/thealanphipps-del/pqr/internal/service/healing_service.go:71.2,75.9 3 0
github.com/thealanphipps-del/pqr/internal/service/healing_service.go:76.54,78.36 2 0
github.com/thealanphipps-del/pqr/internal/service/healing_service.go:79.54,81.30 2 0
github.com/thealanphipps-del/pqr/internal/service/healing_service.go:82.54,84.45 2 0
github.com/thealanphipps-del/pqr/internal/service/healing_service.go:85.56,87.23 2 0
github.com/thealanphipps-del/pqr/internal/service/healing_service.go:88.30,90.98 2 0
github.com/thealanphipps-del/pqr/internal/service/healing_service.go:93.2,93.32 1 0
github.com/thealanphipps-del/pqr/internal/service/healing_service.go:93.32,98.17 3 0
github.com/thealanphipps-del/pqr/internal/service/healing_service.go:98.17,101.4 2 0
github.com/thealanphipps-del/pqr/internal/service/healing_service.go:104.3,123.30 5 0
github.com/thealanphipps-del/pqr/internal/service/healing_service.go:126.2,126.57 1 0
github.com/thealanphipps-del/pqr/internal/service/healing_service.go:130.121,134.2 1 0
github.com/thealanphipps-del/pqr/internal/service/healing_service.go:137.103,139.2 1 0
github.com/thealanphipps-del/pqr/internal/service/healing_service.go:142.119,154.2 2 0
github.com/thealanphipps-del/pqr/internal/service/healing_service.go:155.142,158.33 3 0
github.com/thealanphipps-del/pqr/internal/service/healing_service.go:158.33,160.3 1 0
github.com/thealanphipps-del/pqr/internal/service/healing_service.go:162.2,166.16 3 0
github.com/thealanphipps-del/pqr/internal/service/healing_service.go:166.16,168.3 1 0
github.com/thealanphipps-del/pqr/internal/service/healing_service.go:169.2,170.18 2 0
github.com/thealanphipps-del/pqr/internal/service/healing_service.go:174.93,179.16 4 0
github.com/thealanphipps-del/pqr/internal/service/healing_service.go:179.16,181.3 1 0
github.com/thealanphipps-del/pqr/internal/service/healing_service.go:183.2,183.69 1 0
github.com/thealanphipps-del/pqr/internal/service/monitoring_service.go:22.109,29.2 1 0
github.com/thealanphipps-del/pqr/internal/service/monitoring_service.go:32.56,38.12 5 0
github.com/thealanphipps-del/pqr/internal/service/monitoring_service.go:38.12,39.7 1 0
github.com/thealanphipps-del/pqr/internal/service/monitoring_service.go:39.7,40.11 1 0
github.com/thealanphipps-del/pqr/internal/service/monitoring_service.go:41.22,42.11 1 0
github.com/thealanphipps-del/pqr/internal/service/monitoring_service.go:43.20,45.31 2 0
github.com/thealanphipps-del/pqr/internal/service/monitoring_service.go:46.26,47.34 1 0
github.com/thealanphipps-del/pqr/internal/service/monitoring_service.go:53.73,55.18 2 0
github.com/thealanphipps-del/pqr/internal/service/monitoring_service.go:55.18,57.3 1 0
github.com/thealanphipps-del/pqr/internal/service/monitoring_service.go:59.2,59.89 1 0
github.com/thealanphipps-del/pqr/internal/service/monitoring_service.go:64.70,65.42 1 0
github.com/thealanphipps-del/pqr/internal/service/monitoring_service.go:65.42,67.3 1 0
github.com/thealanphipps-del/pqr/internal/service/monitoring_service.go:69.2,69.60 1 0
github.com/thealanphipps-del/pqr/internal/service/monitoring_service.go:69.60,71.3 1 0
github.com/thealanphipps-del/pqr/internal/service/monitoring_service.go:74.66,79.16 4 0
github.com/thealanphipps-del/pqr/internal/service/monitoring_service.go:79.16,82.3 2 0
github.com/thealanphipps-del/pqr/internal/service/monitoring_service.go:85.2,87.42 3 0
github.com/thealanphipps-del/pqr/internal/service/monitoring_service.go:87.42,90.3 2 0
github.com/thealanphipps-del/pqr/internal/service/monitoring_service.go:92.2,97.16 3 0
github.com/thealanphipps-del/pqr/internal/service/monitoring_service.go:97.16,99.22 2 0
github.com/thealanphipps-del/pqr/internal/service/monitoring_service.go:99.22,103.53 3 0
github.com/thealanphipps-del/pqr/internal/service/monitoring_service.go:103.53,105.5 1 0
github.com/thealanphipps-del/pqr/internal/service/monitoring_service.go:107.3,108.9 2 0
github.com/thealanphipps-del/pqr/internal/service/monitoring_service.go:110.2,112.38 2 0
github.com/thealanphipps-del/pqr/internal/service/monitoring_service.go:112.38,114.3 1 0
github.com/thealanphipps-del/pqr/internal/service/monitoring_service.go:117.99,133.16 4 0
github.com/thealanphipps-del/pqr/internal/service/monitoring_service.go:133.16,135.3 1 0
github.com/thealanphipps-del/pqr/internal/service/saml_agent.go:57.49,62.50 3 0
github.com/thealanphipps-del/pqr/internal/service/saml_agent.go:62.50,66.3 3 0
github.com/thealanphipps-del/pqr/internal/service/saml_agent.go:67.2,67.52 1 0
github.com/thealanphipps-del/pqr/internal/service/saml_agent.go:67.52,71.3 3 0
github.com/thealanphipps-del/pqr/internal/service/saml_agent.go:73.2,78.3 1 0
github.com/thealanphipps-del/pqr/internal/service/saml_agent.go:82.42,87.55 3 0
github.com/thealanphipps-del/pqr/internal/service/saml_agent.go:87.55,89.52 2 0
github.com/thealanphipps-del/pqr/internal/service/saml_agent.go:89.52,92.4 2 0
github.com/thealanphipps-del/pqr/internal/service/saml_agent.go:96.2,96.54 1 0
github.com/thealanphipps-del/pqr/internal/service/saml_agent.go:96.54,98.52 2 0
github.com/thealanphipps-del/pqr/internal/service/saml_agent.go:98.52,101.4 2 0
github.com/thealanphipps-del/pqr/internal/service/saml_agent.go:105.2,105.55 1 0
github.com/thealanphipps-del/pqr/internal/service/saml_agent.go:105.55,107.54 2 0
github.com/thealanphipps-del/pqr/internal/service/saml_agent.go:107.54,110.4 2 0
github.com/thealanphipps-del/pqr/internal/service/saml_agent.go:113.2,113.12 1 0
github.com/thealanphipps-del/pqr/internal/service/saml_agent.go:117.40,121.28 3 0
github.com/thealanphipps-del/pqr/internal/service/saml_agent.go:121.28,122.77 1 0
github.com/thealanphipps-del/pqr/internal/service/saml_agent.go:122.77,124.4 1 0
github.com/thealanphipps-del/pqr/internal/service/saml_agent.go:127.2,127.24 1 0
github.com/thealanphipps-del/pqr/internal/service/saml_agent.go:127.24,128.73 1 0
github.com/thealanphipps-del/pqr/internal/service/saml_agent.go:128.73,130.4 1 0
github.com/thealanphipps-del/pqr/internal/service/saml_agent.go:133.2,133.28 1 0
github.com/thealanphipps-del/pqr/internal/service/saml_agent.go:133.28,134.77 1 0
github.com/thealanphipps-del/pqr/internal/service/saml_agent.go:134.77,136.4 1 0
github.com/thealanphipps-del/pqr/internal/service/saml_agent.go:139.2,139.12 1 0
github.com/thealanphipps-del/pqr/internal/service/saml_agent.go:143.51,146.87 2 0
github.com/thealanphipps-del/pqr/internal/service/saml_agent.go:146.87,150.3 3 0
github.com/thealanphipps-del/pqr/internal/service/saml_agent.go:151.2,154.40 2 0
github.com/thealanphipps-del/pqr/internal/service/saml_agent.go:154.40,156.3 1 0
github.com/thealanphipps-del/pqr/internal/service/saml_agent.go:159.2,160.16 2 0
github.com/thealanphipps-del/pqr/internal/service/saml_agent.go:160.16,162.3 1 0
github.com/thealanphipps-del/pqr/internal/service/saml_agent.go:164.2,169.28 5 0
github.com/thealanphipps-del/pqr/internal/service/saml_agent.go:169.28,171.40 2 0
github.com/thealanphipps-del/pqr/internal/service/saml_agent.go:171.40,173.4 1 0
github.com/thealanphipps-del/pqr/internal/service/saml_agent.go:176.2,186.29 4 0
github.com/thealanphipps-del/pqr/internal/service/saml_agent.go:190.61,194.17 3 0
github.com/thealanphipps-del/pqr/internal/service/saml_agent.go:194.17,196.3 1 0
github.com/thealanphipps-del/pqr/internal/service/saml_agent.go:198.2,211.28 6 0
github.com/thealanphipps-del/pqr/internal/service/saml_agent.go:211.28,218.3 1 0
github.com/thealanphipps-del/pqr/internal/service/saml_agent.go:222.50,226.24 3 0
github.com/thealanphipps-del/pqr/internal/service/saml_agent.go:226.24,228.3 1 0
github.com/thealanphipps-del/pqr/internal/service/saml_agent.go:230.2,231.25 2 0
github.com/thealanphipps-del/pqr/internal/service/saml_agent.go:231.25,233.3 1 0
github.com/thealanphipps-del/pqr/internal/service/saml_agent.go:235.2,235.18 1 0
github.com/thealanphipps-del/pqr/internal/service/swarm_service.go:18.100,23.2 1 0
github.com/thealanphipps-del/pqr/internal/service/swarm_service.go:25.140,35.35 7 0
github.com/thealanphipps-del/pqr/internal/service/swarm_service.go:35.35,37.3 1 0
github.com/thealanphipps-del/pqr/internal/service/swarm_service.go:39.2,46.67 2 0
github.com/thealanphipps-del/pqr/internal/service/swarm_service.go:46.67,48.3 1 0
github.com/thealanphipps-del/pqr/internal/service/swarm_service.go:50.2,50.22 1 0
github.com/thealanphipps-del/pqr/internal/service/swarm_service.go:53.150,54.69 1 0
github.com/thealanphipps-del/pqr/internal/service/swarm_service.go:54.69,56.3 1 0
github.com/thealanphipps-del/pqr/internal/service/swarm_service.go:58.2,65.36 2 0
github.com/thealanphipps-del/pqr/internal/service/swarm_service.go:68.92,72.9 1 0
github.com/thealanphipps-del/pqr/internal/service/swarm_service.go:72.9,74.3 1 0
github.com/thealanphipps-del/pqr/internal/service/swarm_service.go:75.2,75.24 1 0
github.com/thealanphipps-del/pqr/internal/service/swarm_service.go:78.70,81.25 3 0
github.com/thealanphipps-del/pqr/internal/service/swarm_service.go:81.25,83.3 1 0
github.com/thealanphipps-del/pqr/internal/service/swarm_service.go:84.2,84.12 1 0
github.com/thealanphipps-del/pqr/internal/service/swarm_service.go:87.104,89.2 1 0
github.com/thealanphipps-del/pqr/internal/service/swarm_service.go:91.107,93.2 1 0
github.com/thealanphipps-del/pqr/internal/service/swarm_service.go:95.123,99.9 1 0
github.com/thealanphipps-del/pqr/internal/service/swarm_service.go:99.9,101.3 1 0
github.com/thealanphipps-del/pqr/internal/service/swarm_service.go:103.2,103.46 1 0
github.com/thealanphipps-del/pqr/internal/service/swarm_service.go:107.133,109.2 1 0
github.com/thealanphipps-del/pqr/internal/service/swarm_service.go:111.164,113.2 1 0
github.com/thealanphipps-del/pqr/internal/service/swarm_service.go:115.144,117.2 1 0
github.com/thealanphipps-del/pqr/internal/service/swarm_service.go:119.119,121.2 1 0
github.com/thealanphipps-del/pqr/internal/service/swarm_service.go:123.102,125.2 1 0
github.com/thealanphipps-del/pqr/internal/service/swarm_service.go:127.95,129.2 1 0
github.com/thealanphipps-del/pqr/internal/service/swarm_service.go:131.93,133.2 1 0
github.com/thealanphipps-del/pqr/internal/service/swarm_service.go:135.62,137.74 1 0
github.com/thealanphipps-del/pqr/internal/service/swarm_service.go:137.74,139.3 1 0
github.com/thealanphipps-del/pqr/internal/service/swarm_service.go:140.2,140.12 1 0
github.com/thealanphipps-del/pqr/internal/service/tunnel_agent.go:24.36,28.2 1 0
github.com/thealanphipps-del/pqr/internal/service/tunnel_agent.go:31.70,33.17 2 0
github.com/thealanphipps-del/pqr/internal/service/tunnel_agent.go:33.17,36.3 2 0
github.com/thealanphipps-del/pqr/internal/service/tunnel_agent.go:37.2,46.16 6 0
github.com/thealanphipps-del/pqr/internal/service/tunnel_agent.go:46.16,51.3 4 0
github.com/thealanphipps-del/pqr/internal/service/tunnel_agent.go:53.2,53.36 1 0
github.com/thealanphipps-del/pqr/internal/service/tunnel_agent.go:53.36,58.3 4 0
github.com/thealanphipps-del/pqr/internal/service/tunnel_agent.go:60.2,64.12 4 0
github.com/thealanphipps-del/pqr/internal/service/tunnel_agent.go:64.12,66.22 2 0
github.com/thealanphipps-del/pqr/internal/service/tunnel_agent.go:66.22,68.57 2 0
github.com/thealanphipps-del/pqr/internal/service/tunnel_agent.go:68.57,73.5 4 0
github.com/thealanphipps-del/pqr/internal/service/tunnel_agent.go:77.2,77.12 1 0
github.com/thealanphipps-del/pqr/internal/service/tunnel_agent.go:77.12,85.3 6 0
github.com/thealanphipps-del/pqr/internal/service/tunnel_agent.go:87.2,87.12 1 0
github.com/thealanphipps-del/pqr/internal/service/tunnel_agent.go:91.47,95.2 3 0
github.com/thealanphipps-del/pqr/internal/service/tunnel_agent.go:98.30,101.42 3 0
github.com/thealanphipps-del/pqr/internal/service/tunnel_agent.go:101.42,103.3 1 0
github.com/thealanphipps-del/pqr/internal/service/tunnel_agent.go:104.2,105.20 2 0
github.com/thealanphipps-del/pqr/internal/infrastructure/grpc/server.go:29.98,33.2 2 0
github.com/thealanphipps-del/pqr/internal/infrastructure/grpc/server.go:35.94,46.2 4 0
github.com/thealanphipps-del/pqr/internal/infrastructure/grpc/server.go:48.95,63.16 3 0
github.com/thealanphipps-del/pqr/internal/infrastructure/grpc/server.go:63.16,65.3 1 0
github.com/thealanphipps-del/pqr/internal/infrastructure/grpc/server.go:67.2,68.17 2 0
github.com/thealanphipps-del/pqr/internal/infrastructure/grpc/server.go:71.114,77.6 4 0
github.com/thealanphipps-del/pqr/internal/infrastructure/grpc/server.go:77.6,79.50 2 0
github.com/thealanphipps-del/pqr/internal/infrastructure/grpc/server.go:79.50,80.9 1 0
github.com/thealanphipps-del/pqr/internal/infrastructure/grpc/server.go:84.2,87.52 3 0
github.com/thealanphipps-del/pqr/internal/infrastructure/grpc/server.go:90.100,95.30 4 0
github.com/thealanphipps-del/pqr/internal/infrastructure/grpc/server.go:95.30,97.3 1 0
github.com/thealanphipps-del/pqr/internal/infrastructure/grpc/server.go:99.2,99.47 1 0
github.com/thealanphipps-del/pqr/internal/infrastructure/grpc/server.go:102.50,105.19 3 0
github.com/thealanphipps-del/pqr/internal/infrastructure/grpc/server.go:105.19,108.3 2 0
github.com/thealanphipps-del/pqr/internal/infrastructure/grpc/server.go:109.2,109.24 1 0
github.com/thealanphipps-del/pqr/internal/infrastructure/grpc/server.go:113.38,115.12 1 0
github.com/thealanphipps-del/pqr/internal/infrastructure/grpc/server.go:115.12,117.17 2 0
github.com/thealanphipps-del/pqr/internal/infrastructure/grpc/server.go:117.17,119.4 1 0
github.com/thealanphipps-del/pqr/internal/infrastructure/grpc/server.go:120.3,123.39 4 0
github.com/thealanphipps-del/pqr/internal/infrastructure/grpc/server.go:123.39,125.4 1 0
github.com/thealanphipps-del/pqr/internal/infrastructure/grpc/server.go:129.2,129.12 1 0
github.com/thealanphipps-del/pqr/internal/infrastructure/grpc/server.go:129.12,131.17 2 0
github.com/thealanphipps-del/pqr/internal/infrastructure/grpc/server.go:131.17,133.4 1 0
github.com/thealanphipps-del/pqr/internal/infrastructure/grpc/server.go:134.3,137.39 4 0
github.com/thealanphipps-del/pqr/internal/infrastructure/grpc/server.go:137.39,139.4 1 0
github.com/thealanphipps-del/pqr/internal/infrastructure/grpc/server.go:143.2,143.28 1 0
github.com/thealanphipps-del/pqr/internal/infrastructure/grpc/server.go:146.45,147.6 1 0
github.com/thealanphipps-del/pqr/internal/infrastructure/grpc/server.go:147.6,150.21 2 0
github.com/thealanphipps-del/pqr/internal/infrastructure/grpc/server.go:150.21,153.4 1 0
github.com/thealanphipps-del/pqr/internal/infrastructure/grpc/server.go:154.3,154.30 1 0
github.com/thealanphipps-del/pqr/internal/infrastructure/grpc/swarm.pb.go:76.99,78.2 1 0
github.com/thealanphipps-del/pqr/internal/infrastructure/grpc/swarm.pb.go:79.80,81.2 1 0
github.com/thealanphipps-del/pqr/internal/infrastructure/grpc/swarm.pb.go:82.84,82.85 0 0
github.com/thealanphipps-del/pqr/internal/infrastructure/grpc/swarm.pb.go:107.110,109.2 1 0
github.com/thealanphipps-del/pqr/internal/infrastructure/grpc/swarm.pb.go:110.90,112.2 1 0
github.com/thealanphipps-del/pqr/internal/infrastructure/grpc/swarm.pb.go:113.129,115.2 1 0
github.com/thealanphipps-del/pqr/internal/infrastructure/grpc/swarm.pb.go:116.115,118.2 1 0
github.com/thealanphipps-del/pqr/internal/infrastructure/grpc/swarm.pb.go:119.118,121.2 1 0
github.com/thealanphipps-del/pqr/internal/infrastructure/grpc/swarm.pb.go:122.85,124.2 1 0
github.com/thealanphipps-del/pqr/internal/infrastructure/grpc/swarm.pb.go:125.96,125.97 0 0
github.com/thealanphipps-del/pqr/internal/infrastructure/grpc/swarm.pb.go:129.94,145.2 1 0
github.com/thealanphipps-del/pqr/internal/infrastructure/grpc/swarm.pb.go:147.82,158.2 1 0
github.com/thealanphipps-del/pqr/internal/infrastructure/grpc/swarm.pb.go:160.162,162.2 1 0
github.com/thealanphipps-del/pqr/internal/infrastructure/grpc/swarm.pb.go:163.82,165.2 1 0
github.com/thealanphipps-del/pqr/cmd/seed_user/main.go:13.13,15.19 2 0
github.com/thealanphipps-del/pqr/cmd/seed_user/main.go:15.19,17.3 1 0
github.com/thealanphipps-del/pqr/cmd/seed_user/main.go:19.2,20.16 2 0
github.com/thealanphipps-del/pqr/cmd/seed_user/main.go:20.16,22.3 1 0
github.com/thealanphipps-del/pqr/cmd/seed_user/main.go:24.2,35.16 4 0
github.com/thealanphipps-del/pqr/cmd/seed_user/main.go:35.16,37.3 1 0
github.com/thealanphipps-del/pqr/cmd/seed_user/main.go:39.2,39.75 1 0
github.com/thealanphipps-del/pqr/internal/infrastructure/auth/cert.go:16.92,18.16 2 0
github.com/thealanphipps-del/pqr/internal/infrastructure/auth/cert.go:18.16,20.3 1 0
github.com/thealanphipps-del/pqr/internal/infrastructure/auth/cert.go:22.2,27.16 5 0
github.com/thealanphipps-del/pqr/internal/infrastructure/auth/cert.go:27.16,29.3 1 0
github.com/thealanphipps-del/pqr/internal/infrastructure/auth/cert.go:31.2,45.16 3 0
github.com/thealanphipps-del/pqr/internal/infrastructure/auth/cert.go:45.16,47.3 1 0
github.com/thealanphipps-del/pqr/internal/infrastructure/auth/cert.go:49.2,50.16 2 0
github.com/thealanphipps-del/pqr/internal/infrastructure/auth/cert.go:50.16,52.3 1 0
github.com/thealanphipps-del/pqr/internal/infrastructure/auth/cert.go:54.2,54.24 1 0
github.com/thealanphipps-del/pqr/internal/infrastructure/auth/cert.go:58.53,60.2 1 0
github.com/thealanphipps-del/pqr/internal/infrastructure/auth/cert.go:63.49,65.2 1 0
github.com/thealanphipps-del/pqr/internal/infrastructure/auth/cert.go:68.94,70.16 2 0
github.com/thealanphipps-del/pqr/internal/infrastructure/auth/cert.go:70.16,72.3 1 0
github.com/thealanphipps-del/pqr/internal/infrastructure/auth/cert.go:74.2,75.16 2 0
github.com/thealanphipps-del/pqr/internal/infrastructure/auth/cert.go:75.16,77.3 1 0
github.com/thealanphipps-del/pqr/internal/infrastructure/auth/cert.go:79.2,80.22 2 0
github.com/thealanphipps-del/pqr/internal/infrastructure/auth/cert.go:80.22,82.3 1 0
github.com/thealanphipps-del/pqr/internal/infrastructure/auth/cert.go:84.2,85.16 2 0
github.com/thealanphipps-del/pqr/internal/infrastructure/auth/cert.go:85.16,87.3 1 0
github.com/thealanphipps-del/pqr/internal/infrastructure/auth/cert.go:89.2,90.21 2 0
github.com/thealanphipps-del/pqr/internal/infrastructure/auth/cert.go:90.21,92.3 1 0
github.com/thealanphipps-del/pqr/internal/infrastructure/auth/cert.go:94.2,95.16 2 0
github.com/thealanphipps-del/pqr/internal/infrastructure/auth/cert.go:95.16,98.17 2 0
github.com/thealanphipps-del/pqr/internal/infrastructure/auth/cert.go:98.17,100.4 1 0
github.com/thealanphipps-del/pqr/internal/infrastructure/auth/cert.go:101.3,102.10 2 0
github.com/thealanphipps-del/pqr/internal/infrastructure/auth/cert.go:102.10,104.4 1 0
github.com/thealanphipps-del/pqr/internal/infrastructure/auth/cert.go:105.3,105.15 1 0
github.com/thealanphipps-del/pqr/internal/infrastructure/auth/cert.go:108.2,108.23 1 0
github.com/thealanphipps-del/pqr/internal/infrastructure/auth/vault.go:15.59,18.26 3 0
github.com/thealanphipps-del/pqr/internal/infrastructure/auth/vault.go:18.26,20.3 1 0
github.com/thealanphipps-del/pqr/internal/infrastructure/auth/vault.go:22.2,23.16 2 0
github.com/thealanphipps-del/pqr/internal/infrastructure/auth/vault.go:23.16,25.3 1 0
github.com/thealanphipps-del/pqr/internal/infrastructure/auth/vault.go:27.2,28.17 2 0
github.com/thealanphipps-del/pqr/internal/infrastructure/auth/vault.go:28.17,30.3 1 0
github.com/thealanphipps-del/pqr/internal/infrastructure/auth/vault.go:32.2,32.49 1 0
github.com/thealanphipps-del/pqr/internal/infrastructure/auth/vault.go:35.94,45.2 3 0
github.com/thealanphipps-del/pqr/internal/infrastructure/auth/vault.go:47.98,49.16 2 0
github.com/thealanphipps-del/pqr/internal/infrastructure/auth/vault.go:49.16,51.3 1 0
github.com/thealanphipps-del/pqr/internal/infrastructure/auth/vault.go:52.2,52.49 1 0
github.com/thealanphipps-del/pqr/internal/infrastructure/auth/vault.go:52.49,54.3 1 0
github.com/thealanphipps-del/pqr/internal/infrastructure/auth/vault.go:56.2,57.88 2 0
github.com/thealanphipps-del/pqr/cmd/ast_scanner/ast_scanner.go:31.13,37.74 3 0
github.com/thealanphipps-del/pqr/cmd/ast_scanner/ast_scanner.go:37.74,38.31 1 0
github.com/thealanphipps-del/pqr/cmd/ast_scanner/ast_scanner.go:38.31,40.4 1 0
github.com/thealanphipps-del/pqr/cmd/ast_scanner/ast_scanner.go:41.3,41.45 1 0
github.com/thealanphipps-del/pqr/cmd/ast_scanner/ast_scanner.go:41.45,43.4 1 0
github.com/thealanphipps-del/pqr/cmd/ast_scanner/ast_scanner.go:44.3,44.73 1 0
github.com/thealanphipps-del/pqr/cmd/ast_scanner/ast_scanner.go:44.73,46.4 1 0
github.com/thealanphipps-del/pqr/cmd/ast_scanner/ast_scanner.go:48.3,49.17 2 0
github.com/thealanphipps-del/pqr/cmd/ast_scanner/ast_scanner.go:49.17,51.4 1 0
github.com/thealanphipps-del/pqr/cmd/ast_scanner/ast_scanner.go:53.3,55.34 2 0
github.com/thealanphipps-del/pqr/cmd/ast_scanner/ast_scanner.go:55.34,56.43 1 0
github.com/thealanphipps-del/pqr/cmd/ast_scanner/ast_scanner.go:56.43,56.53 1 0
github.com/thealanphipps-del/pqr/cmd/ast_scanner/ast_scanner.go:57.4,57.31 1 0
github.com/thealanphipps-del/pqr/cmd/ast_scanner/ast_scanner.go:57.31,59.5 1 0
github.com/thealanphipps-del/pqr/cmd/ast_scanner/ast_scanner.go:60.4,60.35 1 0
github.com/thealanphipps-del/pqr/cmd/ast_scanner/ast_scanner.go:60.35,61.45 1 0
github.com/thealanphipps-del/pqr/cmd/ast_scanner/ast_scanner.go:61.45,63.37 2 0
github.com/thealanphipps-del/pqr/cmd/ast_scanner/ast_scanner.go:63.37,64.38 1 0
github.com/thealanphipps-del/pqr/cmd/ast_scanner/ast_scanner.go:64.38,66.38 2 0
github.com/thealanphipps-del/pqr/cmd/ast_scanner/ast_scanner.go:66.38,68.31 2 0
github.com/thealanphipps-del/pqr/cmd/ast_scanner/ast_scanner.go:69.30,70.24 1 0
github.com/thealanphipps-del/pqr/cmd/ast_scanner/ast_scanner.go:71.33,72.27 1 0
github.com/thealanphipps-del/pqr/cmd/ast_scanner/ast_scanner.go:74.9,74.22 1 0
github.com/thealanphipps-del/pqr/cmd/ast_scanner/ast_scanner.go:74.22,81.10 1 0
github.com/thealanphipps-del/pqr/cmd/ast_scanner/ast_scanner.go:85.6,85.17 1 0
github.com/thealanphipps-del/pqr/cmd/ast_scanner/ast_scanner.go:89.3,89.13 1 0
github.com/thealanphipps-del/pqr/cmd/ast_scanner/ast_scanner.go:92.2,95.74 2 0
github.com/thealanphipps-del/pqr/cmd/ast_scanner/ast_scanner.go:95.74,96.65 1 0
github.com/thealanphipps-del/pqr/cmd/ast_scanner/ast_scanner.go:96.65,98.4 1 0
github.com/thealanphipps-del/pqr/cmd/ast_scanner/ast_scanner.go:99.3,99.45 1 0
github.com/thealanphipps-del/pqr/cmd/ast_scanner/ast_scanner.go:99.45,101.4 1 0
github.com/thealanphipps-del/pqr/cmd/ast_scanner/ast_scanner.go:102.3,102.73 1 0
github.com/thealanphipps-del/pqr/cmd/ast_scanner/ast_scanner.go:102.73,104.4 1 0
github.com/thealanphipps-del/pqr/cmd/ast_scanner/ast_scanner.go:106.3,109.17 3 0
github.com/thealanphipps-del/pqr/cmd/ast_scanner/ast_scanner.go:109.17,111.4 1 0
github.com/thealanphipps-del/pqr/cmd/ast_scanner/ast_scanner.go:113.3,115.43 2 0
github.com/thealanphipps-del/pqr/cmd/ast_scanner/ast_scanner.go:115.43,117.10 2 0
github.com/thealanphipps-del/pqr/cmd/ast_scanner/ast_scanner.go:117.10,119.11 2 0
github.com/thealanphipps-del/pqr/cmd/ast_scanner/ast_scanner.go:119.11,120.51 1 0
github.com/thealanphipps-del/pqr/cmd/ast_scanner/ast_scanner.go:120.51,121.58 1 0
github.com/thealanphipps-del/pqr/cmd/ast_scanner/ast_scanner.go:121.58,122.33 1 0
github.com/thealanphipps-del/pqr/cmd/ast_scanner/ast_scanner.go:122.33,132.9 1 0
github.com/thealanphipps-del/pqr/cmd/ast_scanner/ast_scanner.go:137.4,137.15 1 0
github.com/thealanphipps-del/pqr/cmd/ast_scanner/ast_scanner.go:139.3,139.13 1 0
github.com/thealanphipps-del/pqr/cmd/ast_scanner/ast_scanner.go:143.2,144.16 2 0
github.com/thealanphipps-del/pqr/cmd/ast_scanner/ast_scanner.go:144.16,145.13 1 0
github.com/thealanphipps-del/pqr/cmd/ast_scanner/ast_scanner.go:147.2,153.27 5 0
github.com/thealanphipps-del/pqr/cmd/ast_scanner/ast_scanner.go:153.27,155.3 1 0
github.com/thealanphipps-del/pqr/cmd/ast_scanner/ast_scanner.go:157.2,158.21 2 0
github.com/thealanphipps-del/pqr/cmd/ast_scanner/ast_scanner.go:158.21,160.3 1 0
github.com/thealanphipps-del/pqr/cmd/ast_scanner/ast_scanner.go:160.8,162.3 1 0
github.com/thealanphipps-del/pqr/cmd/ast_scanner/ast_scanner.go:163.2,163.47 1 0
github.com/thealanphipps-del/pqr/pqr-extension/node_modules/flatted/golang/pkg/flatted/flatted.go:16.68,21.30 4 0
github.com/thealanphipps-del/pqr/pqr-extension/node_modules/flatted/golang/pkg/flatted/flatted.go:21.30,27.3 5 0
github.com/thealanphipps-del/pqr/pqr-extension/node_modules/flatted/golang/pkg/flatted/flatted.go:29.2,29.28 1 0
github.com/thealanphipps-del/pqr/pqr-extension/node_modules/flatted/golang/pkg/flatted/flatted.go:29.28,30.15 1 0
github.com/thealanphipps-del/pqr/pqr-extension/node_modules/flatted/golang/pkg/flatted/flatted.go:30.15,32.4 1 0
github.com/thealanphipps-del/pqr/pqr-extension/node_modules/flatted/golang/pkg/flatted/flatted.go:33.3,35.100 3 0
github.com/thealanphipps-del/pqr/pqr-extension/node_modules/flatted/golang/pkg/flatted/flatted.go:35.100,36.32 1 0
github.com/thealanphipps-del/pqr/pqr-extension/node_modules/flatted/golang/pkg/flatted/flatted.go:36.32,37.31 1 0
github.com/thealanphipps-del/pqr/pqr-extension/node_modules/flatted/golang/pkg/flatted/flatted.go:37.31,38.16 1 0
github.com/thealanphipps-del/pqr/pqr-extension/node_modules/flatted/golang/pkg/flatted/flatted.go:38.16,40.7 1 0
github.com/thealanphipps-del/pqr/pqr-extension/node_modules/flatted/golang/pkg/flatted/flatted.go:41.11,43.59 2 0
github.com/thealanphipps-del/pqr/pqr-extension/node_modules/flatted/golang/pkg/flatted/flatted.go:43.59,45.7 1 0
github.com/thealanphipps-del/pqr/pqr-extension/node_modules/flatted/golang/pkg/flatted/flatted.go:48.4,48.19 1 0
github.com/thealanphipps-del/pqr/pqr-extension/node_modules/flatted/golang/pkg/flatted/flatted.go:50.3,50.11 1 0
github.com/thealanphipps-del/pqr/pqr-extension/node_modules/flatted/golang/pkg/flatted/flatted.go:53.2,53.31 1 0
github.com/thealanphipps-del/pqr/pqr-extension/node_modules/flatted/golang/pkg/flatted/flatted.go:53.31,55.20 2 0
github.com/thealanphipps-del/pqr/pqr-extension/node_modules/flatted/golang/pkg/flatted/flatted.go:55.20,57.4 1 0
github.com/thealanphipps-del/pqr/pqr-extension/node_modules/flatted/golang/pkg/flatted/flatted.go:58.3,58.38 1 0
github.com/thealanphipps-del/pqr/pqr-extension/node_modules/flatted/golang/pkg/flatted/flatted.go:58.38,60.4 1 0
github.com/thealanphipps-del/pqr/pqr-extension/node_modules/flatted/golang/pkg/flatted/flatted.go:62.3,62.47 1 0
github.com/thealanphipps-del/pqr/pqr-extension/node_modules/flatted/golang/pkg/flatted/flatted.go:62.47,64.4 1 0
github.com/thealanphipps-del/pqr/pqr-extension/node_modules/flatted/golang/pkg/flatted/flatted.go:65.3,65.20 1 0
github.com/thealanphipps-del/pqr/pqr-extension/node_modules/flatted/golang/pkg/flatted/flatted.go:66.37,68.34 2 0
github.com/thealanphipps-del/pqr/pqr-extension/node_modules/flatted/golang/pkg/flatted/flatted.go:68.34,70.5 1 0
github.com/thealanphipps-del/pqr/pqr-extension/node_modules/flatted/golang/pkg/flatted/flatted.go:71.4,71.14 1 0
github.com/thealanphipps-del/pqr/pqr-extension/node_modules/flatted/golang/pkg/flatted/flatted.go:72.20,75.41 3 0
github.com/thealanphipps-del/pqr/pqr-extension/node_modules/flatted/golang/pkg/flatted/flatted.go:75.41,77.5 1 0
github.com/thealanphipps-del/pqr/pqr-extension/node_modules/flatted/golang/pkg/flatted/flatted.go:79.4,80.29 2 0
github.com/thealanphipps-del/pqr/pqr-extension/node_modules/flatted/golang/pkg/flatted/flatted.go:80.29,82.20 2 0
github.com/thealanphipps-del/pqr/pqr-extension/node_modules/flatted/golang/pkg/flatted/flatted.go:82.20,84.34 2 0
github.com/thealanphipps-del/pqr/pqr-extension/node_modules/flatted/golang/pkg/flatted/flatted.go:84.34,85.20 1 0
github.com/thealanphipps-del/pqr/pqr-extension/node_modules/flatted/golang/pkg/flatted/flatted.go:85.20,87.13 2 0
github.com/thealanphipps-del/pqr/pqr-extension/node_modules/flatted/golang/pkg/flatted/flatted.go:90.6,90.16 1 0
github.com/thealanphipps-del/pqr/pqr-extension/node_modules/flatted/golang/pkg/flatted/flatted.go:90.16,91.15 1 0
github.com/thealanphipps-del/pqr/pqr-extension/node_modules/flatted/golang/pkg/flatted/flatted.go:94.5,94.53 1 0
github.com/thealanphipps-del/pqr/pqr-extension/node_modules/flatted/golang/pkg/flatted/flatted.go:96.4,96.14 1 0
github.com/thealanphipps-del/pqr/pqr-extension/node_modules/flatted/golang/pkg/flatted/flatted.go:97.23,100.39 3 0
github.com/thealanphipps-del/pqr/pqr-extension/node_modules/flatted/golang/pkg/flatted/flatted.go:100.39,102.28 2 0
github.com/thealanphipps-del/pqr/pqr-extension/node_modules/flatted/golang/pkg/flatted/flatted.go:102.28,103.14 1 0
github.com/thealanphipps-del/pqr/pqr-extension/node_modules/flatted/golang/pkg/flatted/flatted.go:105.5,106.48 2 0
github.com/thealanphipps-del/pqr/pqr-extension/node_modules/flatted/golang/pkg/flatted/flatted.go:106.48,108.6 1 0
github.com/thealanphipps-del/pqr/pqr-extension/node_modules/flatted/golang/pkg/flatted/flatted.go:109.5,109.48 1 0
github.com/thealanphipps-del/pqr/pqr-extension/node_modules/flatted/golang/pkg/flatted/flatted.go:111.4,111.14 1 0
github.com/thealanphipps-del/pqr/pqr-extension/node_modules/flatted/golang/pkg/flatted/flatted.go:112.11,113.12 1 0
github.com/thealanphipps-del/pqr/pqr-extension/node_modules/flatted/golang/pkg/flatted/flatted.go:117.2,119.34 3 0
github.com/thealanphipps-del/pqr/pqr-extension/node_modules/flatted/golang/pkg/flatted/flatted.go:119.34,121.3 1 0
github.com/thealanphipps-del/pqr/pqr-extension/node_modules/flatted/golang/pkg/flatted/flatted.go:123.2,126.33 4 0
github.com/thealanphipps-del/pqr/pqr-extension/node_modules/flatted/golang/pkg/flatted/flatted.go:126.33,128.3 1 0
github.com/thealanphipps-del/pqr/pqr-extension/node_modules/flatted/golang/pkg/flatted/flatted.go:128.8,128.37 1 0
github.com/thealanphipps-del/pqr/pqr-extension/node_modules/flatted/golang/pkg/flatted/flatted.go:128.37,130.3 1 0
github.com/thealanphipps-del/pqr/pqr-extension/node_modules/flatted/golang/pkg/flatted/flatted.go:132.2,132.18 1 0
github.com/thealanphipps-del/pqr/pqr-extension/node_modules/flatted/golang/pkg/flatted/flatted.go:132.18,134.3 1 0
github.com/thealanphipps-del/pqr/pqr-extension/node_modules/flatted/golang/pkg/flatted/flatted.go:134.8,136.3 1 0
github.com/thealanphipps-del/pqr/pqr-extension/node_modules/flatted/golang/pkg/flatted/flatted.go:138.2,138.16 1 0
github.com/thealanphipps-del/pqr/pqr-extension/node_modules/flatted/golang/pkg/flatted/flatted.go:138.16,140.3 1 0
github.com/thealanphipps-del/pqr/pqr-extension/node_modules/flatted/golang/pkg/flatted/flatted.go:141.2,141.23 1 0
github.com/thealanphipps-del/pqr/pqr-extension/node_modules/flatted/golang/pkg/flatted/flatted.go:145.79,147.65 2 0
github.com/thealanphipps-del/pqr/pqr-extension/node_modules/flatted/golang/pkg/flatted/flatted.go:147.65,149.3 1 0
github.com/thealanphipps-del/pqr/pqr-extension/node_modules/flatted/golang/pkg/flatted/flatted.go:151.2,152.25 2 0
github.com/thealanphipps-del/pqr/pqr-extension/node_modules/flatted/golang/pkg/flatted/flatted.go:152.25,153.30 1 0
github.com/thealanphipps-del/pqr/pqr-extension/node_modules/flatted/golang/pkg/flatted/flatted.go:153.30,155.4 1 0
github.com/thealanphipps-del/pqr/pqr-extension/node_modules/flatted/golang/pkg/flatted/flatted.go:156.3,156.31 1 0
github.com/thealanphipps-del/pqr/pqr-extension/node_modules/flatted/golang/pkg/flatted/flatted.go:156.31,157.29 1 0
github.com/thealanphipps-del/pqr/pqr-extension/node_modules/flatted/golang/pkg/flatted/flatted.go:157.29,159.5 1 0
github.com/thealanphipps-del/pqr/pqr-extension/node_modules/flatted/golang/pkg/flatted/flatted.go:160.4,160.14 1 0
github.com/thealanphipps-del/pqr/pqr-extension/node_modules/flatted/golang/pkg/flatted/flatted.go:162.3,162.38 1 0
github.com/thealanphipps-del/pqr/pqr-extension/node_modules/flatted/golang/pkg/flatted/flatted.go:162.38,163.27 1 0
github.com/thealanphipps-del/pqr/pqr-extension/node_modules/flatted/golang/pkg/flatted/flatted.go:163.27,165.5 1 0
github.com/thealanphipps-del/pqr/pqr-extension/node_modules/flatted/golang/pkg/flatted/flatted.go:166.4,166.12 1 0
github.com/thealanphipps-del/pqr/pqr-extension/node_modules/flatted/golang/pkg/flatted/flatted.go:168.3,168.11 1 0
github.com/thealanphipps-del/pqr/pqr-extension/node_modules/flatted/golang/pkg/flatted/flatted.go:171.2,172.30 2 0
github.com/thealanphipps-del/pqr/pqr-extension/node_modules/flatted/golang/pkg/flatted/flatted.go:172.30,174.3 1 0
github.com/thealanphipps-del/pqr/pqr-extension/node_modules/flatted/golang/pkg/flatted/flatted.go:176.2,177.28 2 0
github.com/thealanphipps-del/pqr/pqr-extension/node_modules/flatted/golang/pkg/flatted/flatted.go:177.28,178.37 1 0
github.com/thealanphipps-del/pqr/pqr-extension/node_modules/flatted/golang/pkg/flatted/flatted.go:178.37,180.4 1 0
github.com/thealanphipps-del/pqr/pqr-extension/node_modules/flatted/golang/pkg/flatted/flatted.go:180.9,182.4 1 0
github.com/thealanphipps-del/pqr/pqr-extension/node_modules/flatted/golang/pkg/flatted/flatted.go:185.2,185.21 1 0
github.com/thealanphipps-del/pqr/pqr-extension/node_modules/flatted/golang/pkg/flatted/flatted.go:185.21,187.3 1 0
github.com/thealanphipps-del/pqr/pqr-extension/node_modules/flatted/golang/pkg/flatted/flatted.go:189.2,191.78 3 0
github.com/thealanphipps-del/pqr/pqr-extension/node_modules/flatted/golang/pkg/flatted/flatted.go:191.78,195.21 4 0
github.com/thealanphipps-del/pqr/pqr-extension/node_modules/flatted/golang/pkg/flatted/flatted.go:195.21,197.4 1 0
github.com/thealanphipps-del/pqr/pqr-extension/node_modules/flatted/golang/pkg/flatted/flatted.go:198.3,198.18 1 0
github.com/thealanphipps-del/pqr/pqr-extension/node_modules/flatted/golang/pkg/flatted/flatted.go:201.2,201.20 1 0
github.com/thealanphipps-del/pqr/pqr-extension/node_modules/flatted/golang/pkg/flatted/flatted.go:201.20,203.3 1 0
github.com/thealanphipps-del/pqr/pqr-extension/node_modules/flatted/golang/pkg/flatted/flatted.go:204.2,204.19 1 0
github.com/thealanphipps-del/pqr/pqr-extension/node_modules/flatted/golang/pkg/flatted/flatted.go:207.75,208.34 1 0
github.com/thealanphipps-del/pqr/pqr-extension/node_modules/flatted/golang/pkg/flatted/flatted.go:208.34,209.25 1 0
github.com/thealanphipps-del/pqr/pqr-extension/node_modules/flatted/golang/pkg/flatted/flatted.go:209.25,211.4 1 0
github.com/thealanphipps-del/pqr/pqr-extension/node_modules/flatted/golang/pkg/flatted/flatted.go:212.8,212.48 1 0
github.com/thealanphipps-del/pqr/pqr-extension/node_modules/flatted/golang/pkg/flatted/flatted.go:212.48,214.20 2 0
github.com/thealanphipps-del/pqr/pqr-extension/node_modules/flatted/golang/pkg/flatted/flatted.go:214.20,216.4 1 0
github.com/thealanphipps-del/pqr/pqr-extension/node_modules/flatted/golang/pkg/flatted/flatted.go:217.3,218.26 2 0
github.com/thealanphipps-del/pqr/pqr-extension/node_modules/flatted/golang/pkg/flatted/flatted.go:218.26,220.4 1 0
github.com/thealanphipps-del/pqr/pqr-extension/node_modules/flatted/golang/pkg/flatted/flatted.go:222.2,222.28 1 0
github.com/thealanphipps-del/pqr/pqr-extension/node_modules/flatted/golang/pkg/flatted/flatted.go:225.61,226.34 1 0
github.com/thealanphipps-del/pqr/pqr-extension/node_modules/flatted/golang/pkg/flatted/flatted.go:226.34,227.25 1 0
github.com/thealanphipps-del/pqr/pqr-extension/node_modules/flatted/golang/pkg/flatted/flatted.go:227.25,228.38 1 0
github.com/thealanphipps-del/pqr/pqr-extension/node_modules/flatted/golang/pkg/flatted/flatted.go:228.38,231.5 2 0
github.com/thealanphipps-del/pqr/pqr-extension/node_modules/flatted/golang/pkg/flatted/flatted.go:233.3,233.13 1 0
github.com/thealanphipps-del/pqr/pqr-extension/node_modules/flatted/golang/pkg/flatted/flatted.go:235.2,235.41 1 0
github.com/thealanphipps-del/pqr/pqr-extension/node_modules/flatted/golang/pkg/flatted/flatted.go:235.41,236.23 1 0
github.com/thealanphipps-del/pqr/pqr-extension/node_modules/flatted/golang/pkg/flatted/flatted.go:236.23,237.38 1 0
github.com/thealanphipps-del/pqr/pqr-extension/node_modules/flatted/golang/pkg/flatted/flatted.go:237.38,240.5 2 0
github.com/thealanphipps-del/pqr/pqr-extension/node_modules/flatted/golang/pkg/flatted/flatted.go:242.3,242.11 1 0
github.com/thealanphipps-del/pqr/pqr-extension/node_modules/flatted/golang/pkg/flatted/flatted.go:244.2,244.14 1 0
github.com/thealanphipps-del/pqr/pqr-extension/node_modules/flatted/golang/pkg/flatted/flatted.go:247.60,249.78 2 0
github.com/thealanphipps-del/pqr/pqr-extension/node_modules/flatted/golang/pkg/flatted/flatted.go:249.78,251.16 2 0
github.com/thealanphipps-del/pqr/pqr-extension/node_modules/flatted/golang/pkg/flatted/flatted.go:251.16,254.4 2 0
github.com/thealanphipps-del/pqr/pqr-extension/node_modules/flatted/golang/pkg/flatted/flatted.go:256.2,256.14 1 0
github.com/thealanphipps-del/pqr/pqr-extension/node_modules/flatted/golang/pkg/flatted/flatted.go:260.37,262.16 2 0
github.com/thealanphipps-del/pqr/pqr-extension/node_modules/flatted/golang/pkg/flatted/flatted.go:262.16,264.3 1 0
github.com/thealanphipps-del/pqr/pqr-extension/node_modules/flatted/golang/pkg/flatted/flatted.go:265.2,267.17 3 0
github.com/thealanphipps-del/pqr/pqr-extension/node_modules/flatted/golang/pkg/flatted/flatted.go:271.39,273.16 2 0
github.com/thealanphipps-del/pqr/pqr-extension/node_modules/flatted/golang/pkg/flatted/flatted.go:273.16,275.3 1 0
github.com/thealanphipps-del/pqr/pqr-extension/node_modules/flatted/golang/pkg/flatted/flatted.go:276.2,276.30 1 0
