[PROBE PORT 25]
[PROBE PORT 443]
[MCP_MONITOR_DEPLOYED Wed Apr  1 18:32:35 CDT 2026]
[MCP_DIR_FIXED_AND_DEPLOYED Wed Apr  1 18:33:20 CDT 2026]
[GCLI_NAMESPACE_SYNC Wed Apr  1 18:40:21 CDT 2026]
[GCLI_NAMESPACE_LOCKED Wed Apr  1 18:43:48 CDT 2026]
[USER_SPACE_MESH_ACTIVE Wed Apr  1 18:50:32 CDT 2026]
AA_TARGET != SOVEREIGN_MESH
[PORT_RESERVATION_ACTIVE Wed Apr  1 19:30:28 CDT 2026]
PORT_8080 == SYSTEM_RESERVED_MCP
[PRIVATE_DNS_STRATEGY_LOCKED Wed Apr  1 19:40:30 CDT 2026]
[LOG_SEGREGATION_SUCCESS Wed Apr  1 19:42:42 CDT 2026]
[LOG_REDIRECTS_FIXED Wed Apr  1 20:01:51 CDT 2026]
[COLOR_TEST_EXECUTED Wed Apr  1 20:02:58 CDT 2026]
[AELLOK_NATIVE_SYNC_ACTIVE Wed Apr  1 20:29:03 CDT 2026]
[STRIKE_REPAIRED_AND_LOGGED Wed Apr  1 20:32:07 CDT 2026]
[AELLOK_REIGNITION_SUCCESS Wed Apr  1 20:33:32 CDT 2026]
[GSH_DASHBOARD_LIVE Wed Apr  1 20:35:44 CDT 2026]
[AELLOK_STRUCTURE_LOCKED Wed Apr  1 20:38:47 CDT 2026]
[AWAITING_COMPLETE_KEY_PASTE Wed Apr  1 20:42:09 CDT 2026]
[IDENTITY_ISOLATION_SUCCESS Wed Apr  1 20:48:08 CDT 2026]
[MESH_IDENTITY_LOCKED Wed Apr  1 20:49:27 CDT 2026]
[AELLOK_PEM_REFILLED_IN_AUTH Wed Apr  1 20:51:04 CDT 2026]
[INTERVENTION_ACCEPTED_JSON_VERIFIED Wed Apr  1 21:02:21 CDT 2026]
[ASN1_CORRUPTION_IDENTIFIED Wed Apr  1 21:05:05 CDT 2026]
[PRISTINE_JSON_INJECTED Wed Apr  1 21:06:44 CDT 2026]
[TOAST_SYNC_ESTABLISHED Wed Apr  1 21:10:17 CDT 2026]
[USERS_UID_SYNC_COMPLETE | UID: 10463 | Wed Apr  1 21:14:47 CDT 2026]
[UID_10463_IGNITION_SUCCESS Wed Apr  1 21:16:15 CDT 2026]
[UID_10463_IGNITION_SUCCESS Wed Apr  1 21:16:49 CDT 2026]
[ATTRIBUTION_ENFORCED Wed Apr  1 21:26:43 CDT 2026]
[ATTRIBUTION_ENFORCED Wed Apr  1 21:52:01 CDT 2026]
[TAKEOUT_PROCESS_COMPLETE Wed Apr  1 21:53:45 CDT 2026]
[COLOR_TRAP_REPAIRED Wed Apr  1 21:55:35 CDT 2026]
[GMODEM_PROTOCOL_ACTIVATED Wed Apr  1 22:00:53 CDT 2026]
[GMUDD_TAKEOUT_CYCLE_FINISHED Wed Apr  1 22:03:11 CDT 2026]
[TUNNEL_DIAGNOSTIC_EXECUTED Wed Apr  1 22:06:33 CDT 2026]
[PROXY_PORT_REALIGNED_8080 Wed Apr  1 22:07:58 CDT 2026]
[LOG_RECOVERY_ATTEMPTED Wed Apr  1 22:13:06 CDT 2026]
[GCLI_8080_DEAD_AWAITING_RESTART Wed Apr  1 22:15:27 CDT 2026]
[POST_RESTART_DIAGNOSTIC Wed Apr  1 22:18:00 CDT 2026]
[BASHRC_DIAGNOSTIC_EXECUTED Wed Apr  1 22:23:24 CDT 2026]
[BASHRC_SYNTAX_PATCHED Wed Apr  1 22:25:09 CDT 2026]
[BASHRC_CMD_STATUS_PATCHED Wed Apr  1 22:27:51 CDT 2026]
[EVAL_SOURCE_FORCED Wed Apr  1 22:30:45 CDT 2026]
[GCLI_MANUAL_OVERRIDE_EXECUTED Wed Apr  1 22:37:49 CDT 2026]
[GCLI_CRASH_LOG_AUDITED Wed Apr  1 22:39:14 CDT 2026]
[API_404_DIAGNOSTIC_EXECUTED Wed Apr  1 22:44:50 CDT 2026]
[PUBLIC_MESH_TUNNEL_ESTABLISHED Wed Apr  1 22:49:12 CDT 2026]
[INTERACTIVE_TUNNEL_STAGED_AWAITING_EXECUTION Wed Apr  1 22:53:10 CDT 2026]
[SSH_TUNNEL_8080_VERIFIED Wed Apr  1 22:54:48 CDT 2026]
[RAW_8080_TUNNEL_STAGED Wed Apr  1 22:58:28 CDT 2026]
[TRANSPORT_VERIFIED Wed Apr  1 23:00:35 CDT 2026]
[GMUDD_INGESTION_CYCLE_FINISHED Wed Apr  1 23:02:33 CDT 2026]
[GMUDD_AUDIT_COMPLETE Wed Apr  1 23:05:07 CDT 2026]
[TAKEOUT_JSON_SEARCH_EXECUTED Wed Apr  1 23:06:31 CDT 2026]
[GMUDD_TARGETED_INGESTION_START Wed Apr  1 23:07:18 CDT 2026]
[PROCEDURE_DOCUMENTED Wed Apr  1 23:10:11 CDT 2026]
[GMUDD_PULSE_CHECK Wed Apr  1 23:13:43 CDT 2026]
[REMOTE_BACKEND_PROBE_COMPLETE Wed Apr  1 23:17:29 CDT 2026]
[REMOTE_ENDPOINT_VERIFIED Wed Apr  1 23:19:22 CDT 2026]
