debug1: OpenSSH_10.2p1, OpenSSL 3.6.1 27 Jan 2026
debug1: Reading configuration data /data/data/com.termux/files/home/.ssh/config
debug1: /data/data/com.termux/files/home/.ssh/config line 2: Applying options for 204.168.*
debug1: Reading configuration data /data/data/com.termux/files/usr/etc/ssh/ssh_config
debug1: /data/data/com.termux/files/usr/etc/ssh/ssh_config line 20: include /data/data/com.termux/files/usr/etc/ssh/ssh_config.d/*.conf matched no files
debug1: Authenticator provider $SSH_SK_PROVIDER did not resolve; disabling
debug1: Connecting to 204.168.138.60 [204.168.138.60] port 22.
debug1: fd 3 clearing O_NONBLOCK
debug1: Connection established.
debug1: no pubkey loaded from /data/data/com.termux/files/home/.ssh/root
debug1: identity file /data/data/com.termux/files/home/.ssh/root type -1
debug1: no identity pubkey loaded from /data/data/com.termux/files/home/.ssh/root
debug1: Local version string SSH-2.0-OpenSSH_10.2
debug1: Remote protocol version 2.0, remote software version OpenSSH_9.6p1 Ubuntu-3ubuntu13.15
debug1: compat_banner: match: OpenSSH_9.6p1 Ubuntu-3ubuntu13.15 pat OpenSSH* compat 0x04000000
debug1: Authenticating to 204.168.138.60:22 as 'root'
debug1: load_hostkeys: fopen /data/data/com.termux/files/home/.ssh/known_hosts2: No such file or directory
debug1: load_hostkeys: fopen /data/data/com.termux/files/usr/etc/ssh/ssh_known_hosts: No such file or directory
debug1: load_hostkeys: fopen /data/data/com.termux/files/usr/etc/ssh/ssh_known_hosts2: No such file or directory
debug1: SSH2_MSG_KEXINIT sent
debug1: SSH2_MSG_KEXINIT received
debug1: kex: algorithm: sntrup761x25519-sha512@openssh.com
debug1: kex: host key algorithm: ssh-ed25519
debug1: kex: server->client cipher: chacha20-poly1305@openssh.com MAC: <implicit> compression: none
debug1: kex: client->server cipher: chacha20-poly1305@openssh.com MAC: <implicit> compression: none
debug1: expecting SSH2_MSG_KEX_ECDH_REPLY
debug1: SSH2_MSG_KEX_ECDH_REPLY received
debug1: Server host key: ssh-ed25519 SHA256:NxdvrK9oldAYU3sDZKJvaYVJz03Rhrg7MlfjrS/gT44
debug1: load_hostkeys: fopen /data/data/com.termux/files/home/.ssh/known_hosts2: No such file or directory
debug1: load_hostkeys: fopen /data/data/com.termux/files/usr/etc/ssh/ssh_known_hosts: No such file or directory
debug1: load_hostkeys: fopen /data/data/com.termux/files/usr/etc/ssh/ssh_known_hosts2: No such file or directory
debug1: Host '204.168.138.60' is known and matches the ED25519 host key.
debug1: Found key in /data/data/com.termux/files/home/.ssh/known_hosts:1
debug1: ssh_packet_send2_wrapped: resetting send seqnr 3
debug1: rekey out after 134217728 blocks
debug1: SSH2_MSG_NEWKEYS sent
debug1: Sending SSH2_MSG_EXT_INFO
debug1: expecting SSH2_MSG_NEWKEYS
debug1: ssh_packet_read_poll2: resetting read seqnr 3
debug1: SSH2_MSG_NEWKEYS received
debug1: rekey in after 134217728 blocks
debug1: SSH2_MSG_EXT_INFO received
debug1: kex_ext_info_client_parse: server-sig-algs=<ssh-ed25519,ecdsa-sha2-nistp256,ecdsa-sha2-nistp384,ecdsa-sha2-nistp521,sk-ssh-ed25519@openssh.com,sk-ecdsa-sha2-nistp256@openssh.com,rsa-sha2-512,rsa-sha2-256>
debug1: kex_ext_info_check_ver: publickey-hostbound@openssh.com=<0>
debug1: kex_ext_info_check_ver: ping@openssh.com=<0>
debug1: SSH2_MSG_SERVICE_ACCEPT received
debug1: SSH2_MSG_EXT_INFO received
debug1: kex_ext_info_client_parse: server-sig-algs=<ssh-ed25519,ecdsa-sha2-nistp256,ecdsa-sha2-nistp384,ecdsa-sha2-nistp521,sk-ssh-ed25519@openssh.com,sk-ecdsa-sha2-nistp256@openssh.com,rsa-sha2-512,rsa-sha2-256>
debug1: Authentications that can continue: publickey,password
debug1: Next authentication method: publickey
debug1: Will attempt key: /data/data/com.termux/files/home/.ssh/root  explicit
debug1: Trying private key: /data/data/com.termux/files/home/.ssh/root
Authenticated to 204.168.138.60 ([204.168.138.60]:22) using "publickey".
debug1: Local connections to LOCALHOST:2179 forwarded to remote address 127.0.0.1:2180
debug1: Local forwarding listening on ::1 port 2179.
bind [::1]:2179: Address already in use
debug1: Local forwarding listening on 127.0.0.1 port 2179.
bind [127.0.0.1]:2179: Address already in use
channel_setup_fwd_listener_tcpip: cannot listen to port: 2179
Could not request local forwarding.
debug1: Requesting no-more-sessions@openssh.com
debug1: forking to background
debug1: Entering interactive session.
debug1: pledge: filesystem
debug1: client_input_global_request: rtype hostkeys-00@openssh.com want_reply 0
debug1: client_input_hostkeys: searching /data/data/com.termux/files/home/.ssh/known_hosts for 204.168.138.60 / (none)
debug1: client_input_hostkeys: searching /data/data/com.termux/files/home/.ssh/known_hosts2 for 204.168.138.60 / (none)
debug1: client_input_hostkeys: hostkeys file /data/data/com.termux/files/home/.ssh/known_hosts2 does not exist
debug1: client_input_hostkeys: no new or deprecated keys from server
debug1: pledge: network
debug1: Remote: /root/.ssh/authorized_keys:7: key options: agent-forwarding port-forwarding pty user-rc x11-forwarding
debug1: client_input_global_request: rtype keepalive@openssh.com want_reply 1
