sending incremental file list
./
AAA_Bad_Faith_Report.md
GAR
RT-AUTO-1774944966_context.log
ace_forensic.log
active_tickets.db
agentic_loop.sh
agentic_repair.sh
alpaca_mudd_multi_v2.json
auth_test.log
autonomous_seal.txt
canary_1774660793.tmp
capability_manifest.txt
cert.pem
dashboard_daemon.log
dashboard_loop.sh
dashboard_loop_v2.sh
dashboard_v2_daemon.log
deploy_reconstructor_39mh.sh
deploy_unified_39mh.sh
director
gcli
gcli.1774974172
gcli_agent.py
gdiag
gemini_context.json
gemini_vterm.py
gemini_vterm_pro.py
gemini_vterm_pro.py.1774688979.bak
ghubd
ghud
gmodem
gmodem.py
gmudd.py
gmudd_inbox.log
gsh_dash.sh
healer.log
healer_debug.log
ignite_ppp.sh
ignition -> /data/data/com.termux/files/home/Sovereign_Node_Go/build/ignition
key.pem
keys.log
known_host_check.tmp
last_exit_test.tmp
mcp_pro_deploy.sh
mesh_control.sh
mesh_dashboard.json
mesh_dashboard_v2.json
mesh_healer.sh
mesh_ignition.log
mesh_interactive.sh
mesh_split_screen.sh
mesh_sync.sh
mudd
mudd_sync.sh
ping_test.tmp
pipe_router
reconstruct_core_39mh.sh
remote_path_check.tmp
root_key_fingerprint.tmp
root_key_meta.tmp
root_key_ssh.log
rsync_island.log
rtdb_alarm_daemon.sh
s24_full_recon_calls.log
s24_raw_calls.log
safe_deploy_test.py
sensor.log
sensor_daemon.log
sensory_loop.sh
sentinel_hud.sh
sentinel_sniper.sh
sniper_daemon.log
sniper_resolution.log
snoop_39mh_p25.log
sov_up
sovereign_hud.py
sovereign_hud_v3.py
sovereign_node_go.rc1.tgz
ssh_debug.log
takeout_gui
testify_genesis
vault_agent
verify_mcp_deploy.sh
vterm_boot.log
vterm_forensic.log
vterm_pro_debug.log
wire_oracle_to_core.sh
GSH_RECON/
__pycache__/
__pycache__/gmodem.cpython-313.pyc
bridge/
bridge/gemini_in.fifo
bridge/gemini_out.fifo
bridge/gsh_daemon.sh
reports/
reports/AA_Spoliation_Notice.txt
reports/AA_Investigation/

sent 20,637,230 bytes  received 1,749 bytes  346,873.60 bytes/sec
total size is 46,065,074  speedup is 2.23
