INITIAL EXCERPT: termux-gui-view: error: argument file: can't open 'log_forensic': [Errno 2] No such file or directory: 'log_forensic'
Duplicate Excerpt: termux-gui-view: error: argument file: can't open 'gemini_status': [Errno 2] No such file or directory: 'gemini_status'
Duplicate Excerpt: termux-gui-view: error: argument file: can't open 'node_39': [Errno 2] No such file or directory: 'node_39'
Duplicate Excerpt: termux-gui-view: error: argument file: can't open 'log_healer': [Errno 2] No such file or directory: 'log_healer'
Duplicate Excerpt: termux-gui-view: error: argument file: can't open 'node_0': [Errno 2] No such file or directory: 'node_0'
Duplicate Excerpt: termux-gui-view: error: argument file: can't open 'log_gmudd': [Errno 2] No such file or directory: 'log_gmudd'
Duplicate Excerpt: termux-gui-view: error: argument file: can't open 'sys_battery': [Errno 2] No such file or directory: 'sys_battery'
Duplicate Excerpt: termux-gui-view: error: argument file: can't open 'node_27': [Errno 2] No such file or directory: 'node_27'
Duplicate Excerpt: termux-gui-view: error: argument file: can't open 'log_sensor': [Errno 2] No such file or directory: 'log_sensor'
Duplicate Excerpt: termux-gui-view: error: argument file: can't open 'sys_wlan': [Errno 2] No such file or directory: 'sys_wlan'
Duplicate Excerpt: termux-gui-view: error: argument file: can't open 'log_forensic': [Errno 2] No such file or directory: 'log_forensic'
Duplicate Excerpt: termux-gui-view: error: argument file: can't open 'gemini_status': [Errno 2] No such file or directory: 'gemini_status'
Duplicate Excerpt: termux-gui-view: error: argument file: can't open 'node_0': [Errno 2] No such file or directory: 'node_0'
Duplicate Excerpt: termux-gui-view: error: argument file: can't open 'node_39': [Errno 2] No such file or directory: 'node_39'
Duplicate Excerpt: termux-gui-view: error: argument file: can't open 'log_healer': [Errno 2] No such file or directory: 'log_healer'
Duplicate Excerpt: termux-gui-view: error: argument file: can't open 'log_gmudd': [Errno 2] No such file or directory: 'log_gmudd'
Duplicate Excerpt: termux-gui-view: error: argument file: can't open 'sys_battery': [Errno 2] No such file or directory: 'sys_battery'
Duplicate Excerpt: termux-gui-view: error: argument file: can't open 'node_27': [Errno 2] No such file or directory: 'node_27'
Duplicate Excerpt: termux-gui-view: error: argument file: can't open 'log_sensor': [Errno 2] No such file or directory: 'log_sensor'
Duplicate Excerpt: termux-gui-view: error: argument file: can't open 'sys_wlan': [Errno 2] No such file or directory: 'sys_wlan'
Duplicate Excerpt: termux-gui-view: error: argument file: can't open 'log_forensic': [Errno 2] No such file or directory: 'log_forensic'
Duplicate Excerpt: termux-gui-view: error: argument file: can't open 'gemini_status': [Errno 2] No such file or directory: 'gemini_status'
Duplicate Excerpt: termux-gui-view: error: argument file: can't open 'node_0': [Errno 2] No such file or directory: 'node_0'
Duplicate Excerpt: termux-gui-view: error: argument file: can't open 'node_39': [Errno 2] No such file or directory: 'node_39'
Duplicate Excerpt: termux-gui-view: error: argument file: can't open 'log_healer': [Errno 2] No such file or directory: 'log_healer'
Duplicate Excerpt: termux-gui-view: error: argument file: can't open 'log_gmudd': [Errno 2] No such file or directory: 'log_gmudd'
Duplicate Excerpt: termux-gui-view: error: argument file: can't open 'sys_battery': [Errno 2] No such file or directory: 'sys_battery'
Duplicate Excerpt: termux-gui-view: error: argument file: can't open 'node_27': [Errno 2] No such file or directory: 'node_27'
Duplicate Excerpt: termux-gui-view: error: argument file: can't open 'log_sensor': [Errno 2] No such file or directory: 'log_sensor'
Duplicate Excerpt: termux-gui-view: error: argument file: can't open 'sys_wlan': [Errno 2] No such file or directory: 'sys_wlan'
Duplicate Excerpt: termux-gui-view: error: argument file: can't open 'log_forensic': [Errno 2] No such file or directory: 'log_forensic'
Duplicate Excerpt: termux-gui-view: error: argument file: can't open 'gemini_status': [Errno 2] No such file or directory: 'gemini_status'
Duplicate Excerpt: termux-gui-view: error: argument file: can't open 'node_0': [Errno 2] No such file or directory: 'node_0'
Duplicate Excerpt: termux-gui-view: error: argument file: can't open 'node_39': [Errno 2] No such file or directory: 'node_39'
Duplicate Excerpt: termux-gui-view: error: argument file: can't open 'log_healer': [Errno 2] No such file or directory: 'log_healer'
Duplicate Excerpt: termux-gui-view: error: argument file: can't open 'log_gmudd': [Errno 2] No such file or directory: 'log_gmudd'
Duplicate Excerpt: termux-gui-view: error: argument file: can't open 'sys_battery': [Errno 2] No such file or directory: 'sys_battery'
Duplicate Excerpt: termux-gui-view: error: argument file: can't open 'node_27': [Errno 2] No such file or directory: 'node_27'
Duplicate Excerpt: termux-gui-view: error: argument file: can't open 'log_sensor': [Errno 2] No such file or directory: 'log_sensor'
Duplicate Excerpt: termux-gui-view: error: argument file: can't open 'sys_wlan': [Errno 2] No such file or directory: 'sys_wlan'
Duplicate Excerpt: termux-gui-view: error: argument file: can't open 'log_forensic': [Errno 2] No such file or directory: 'log_forensic'
Duplicate Excerpt: termux-gui-view: error: argument file: can't open 'gemini_status': [Errno 2] No such file or directory: 'gemini_status'
Duplicate Excerpt: termux-gui-view: error: argument file: can't open 'node_0': [Errno 2] No such file or directory: 'node_0'
Duplicate Excerpt: termux-gui-view: error: argument file: can't open 'node_39': [Errno 2] No such file or directory: 'node_39'
Duplicate Excerpt: termux-gui-view: error: argument file: can't open 'log_healer': [Errno 2] No such file or directory: 'log_healer'
Duplicate Excerpt: termux-gui-view: error: argument file: can't open 'log_gmudd': [Errno 2] No such file or directory: 'log_gmudd'
Duplicate Excerpt: termux-gui-view: error: argument file: can't open 'sys_battery': [Errno 2] No such file or directory: 'sys_battery'
Duplicate Excerpt: termux-gui-view: error: argument file: can't open 'node_27': [Errno 2] No such file or directory: 'node_27'
Duplicate Excerpt: termux-gui-view: error: argument file: can't open 'log_sensor': [Errno 2] No such file or directory: 'log_sensor'
Duplicate Excerpt: termux-gui-view: error: argument file: can't open 'sys_wlan': [Errno 2] No such file or directory: 'sys_wlan'
Duplicate Excerpt: termux-gui-view: error: argument file: can't open 'log_forensic': [Errno 2] No such file or directory: 'log_forensic'
Duplicate Excerpt: termux-gui-view: error: argument file: can't open 'gemini_status': [Errno 2] No such file or directory: 'gemini_status'
Duplicate Excerpt: termux-gui-view: error: argument file: can't open 'node_0': [Errno 2] No such file or directory: 'node_0'
Duplicate Excerpt: termux-gui-view: error: argument file: can't open 'node_39': [Errno 2] No such file or directory: 'node_39'
Duplicate Excerpt: termux-gui-view: error: argument file: can't open 'log_gmudd': [Errno 2] No such file or directory: 'log_gmudd'
Duplicate Excerpt: termux-gui-view: error: argument file: can't open 'log_healer': [Errno 2] No such file or directory: 'log_healer'
Duplicate Excerpt: termux-gui-view: error: argument file: can't open 'node_27': [Errno 2] No such file or directory: 'node_27'
Duplicate Excerpt: termux-gui-view: error: argument file: can't open 'log_sensor': [Errno 2] No such file or directory: 'log_sensor'
Duplicate Excerpt: termux-gui-view: error: argument file: can't open 'sys_battery': [Errno 2] No such file or directory: 'sys_battery'
Duplicate Excerpt: termux-gui-view: error: argument file: can't open 'sys_wlan': [Errno 2] No such file or directory: 'sys_wlan'
Duplicate Excerpt: termux-gui-view: error: argument file: can't open 'log_forensic': [Errno 2] No such file or directory: 'log_forensic'
Duplicate Excerpt: termux-gui-view: error: argument file: can't open 'gemini_status': [Errno 2] No such file or directory: 'gemini_status'
Duplicate Excerpt: termux-gui-view: error: argument file: can't open 'node_0': [Errno 2] No such file or directory: 'node_0'
Duplicate Excerpt: termux-gui-view: error: argument file: can't open 'node_39': [Errno 2] No such file or directory: 'node_39'
Duplicate Excerpt: termux-gui-view: error: argument file: can't open 'log_gmudd': [Errno 2] No such file or directory: 'log_gmudd'
Duplicate Excerpt: termux-gui-view: error: argument file: can't open 'log_healer': [Errno 2] No such file or directory: 'log_healer'
Duplicate Excerpt: termux-gui-view: error: argument file: can't open 'node_27': [Errno 2] No such file or directory: 'node_27'
Duplicate Excerpt: termux-gui-view: error: argument file: can't open 'log_sensor': [Errno 2] No such file or directory: 'log_sensor'
Duplicate Excerpt: termux-gui-view: error: argument file: can't open 'sys_battery': [Errno 2] No such file or directory: 'sys_battery'
Duplicate Excerpt: termux-gui-view: error: argument file: can't open 'sys_wlan': [Errno 2] No such file or directory: 'sys_wlan'
Duplicate Excerpt: termux-gui-view: error: argument file: can't open 'log_forensic': [Errno 2] No such file or directory: 'log_forensic'
Duplicate Excerpt: termux-gui-view: error: argument file: can't open 'gemini_status': [Errno 2] No such file or directory: 'gemini_status'
Duplicate Excerpt: termux-gui-view: error: argument file: can't open 'node_0': [Errno 2] No such file or directory: 'node_0'
Duplicate Excerpt: termux-gui-view: error: argument file: can't open 'node_39': [Errno 2] No such file or directory: 'node_39'
Duplicate Excerpt: termux-gui-view: error: argument file: can't open 'log_gmudd': [Errno 2] No such file or directory: 'log_gmudd'
Duplicate Excerpt: termux-gui-view: error: argument file: can't open 'log_healer': [Errno 2] No such file or directory: 'log_healer'
Duplicate Excerpt: termux-gui-view: error: argument file: can't open 'node_27': [Errno 2] No such file or directory: 'node_27'
Duplicate Excerpt: termux-gui-view: error: argument file: can't open 'log_sensor': [Errno 2] No such file or directory: 'log_sensor'
Duplicate Excerpt: termux-gui-view: error: argument file: can't open 'sys_battery': [Errno 2] No such file or directory: 'sys_battery'
Duplicate Excerpt: termux-gui-view: error: argument file: can't open 'sys_wlan': [Errno 2] No such file or directory: 'sys_wlan'
Duplicate Excerpt: termux-gui-view: error: argument file: can't open 'log_forensic': [Errno 2] No such file or directory: 'log_forensic'
Duplicate Excerpt: termux-gui-view: error: argument file: can't open 'gemini_status': [Errno 2] No such file or directory: 'gemini_status'
Duplicate Excerpt: termux-gui-view: error: argument file: can't open 'node_0': [Errno 2] No such file or directory: 'node_0'
Duplicate Excerpt: termux-gui-view: error: argument file: can't open 'node_39': [Errno 2] No such file or directory: 'node_39'
Duplicate Excerpt: termux-gui-view: error: argument file: can't open 'log_gmudd': [Errno 2] No such file or directory: 'log_gmudd'
Duplicate Excerpt: termux-gui-view: error: argument file: can't open 'log_healer': [Errno 2] No such file or directory: 'log_healer'
Duplicate Excerpt: termux-gui-view: error: argument file: can't open 'node_27': [Errno 2] No such file or directory: 'node_27'
Duplicate Excerpt: termux-gui-view: error: argument file: can't open 'log_sensor': [Errno 2] No such file or directory: 'log_sensor'
Duplicate Excerpt: termux-gui-view: error: argument file: can't open 'log_forensic': [Errno 2] No such file or directory: 'log_forensic'
Duplicate Excerpt: termux-gui-view: error: argument file: can't open 'gemini_status': [Errno 2] No such file or directory: 'gemini_status'
Duplicate Excerpt: termux-gui-view: error: argument file: can't open 'node_0': [Errno 2] No such file or directory: 'node_0'
Duplicate Excerpt: termux-gui-view: error: argument file: can't open 'node_39': [Errno 2] No such file or directory: 'node_39'
Duplicate Excerpt: termux-gui-view: error: argument file: can't open 'log_gmudd': [Errno 2] No such file or directory: 'log_gmudd'
Duplicate Excerpt: termux-gui-view: error: argument file: can't open 'log_healer': [Errno 2] No such file or directory: 'log_healer'
Duplicate Excerpt: termux-gui-view: error: argument file: can't open 'node_27': [Errno 2] No such file or directory: 'node_27'
Duplicate Excerpt: termux-gui-view: error: argument file: can't open 'log_sensor': [Errno 2] No such file or directory: 'log_sensor'
Duplicate Excerpt: termux-gui-view: error: argument file: can't open 'log_forensic': [Errno 2] No such file or directory: 'log_forensic'
Duplicate Excerpt: termux-gui-view: error: argument file: can't open 'gemini_status': [Errno 2] No such file or directory: 'gemini_status'
Duplicate Excerpt: termux-gui-view: error: argument file: can't open 'node_0': [Errno 2] No such file or directory: 'node_0'
Duplicate Excerpt: termux-gui-view: error: argument file: can't open 'node_39': [Errno 2] No such file or directory: 'node_39'
Duplicate Excerpt: termux-gui-view: error: argument file: can't open 'log_gmudd': [Errno 2] No such file or directory: 'log_gmudd'
Duplicate Excerpt: termux-gui-view: error: argument file: can't open 'log_healer': [Errno 2] No such file or directory: 'log_healer'
Duplicate Excerpt: termux-gui-view: error: argument file: can't open 'node_27': [Errno 2] No such file or directory: 'node_27'
Duplicate Excerpt: termux-gui-view: error: argument file: can't open 'log_sensor': [Errno 2] No such file or directory: 'log_sensor'
Duplicate Excerpt: termux-gui-view: error: argument file: can't open 'log_forensic': [Errno 2] No such file or directory: 'log_forensic'
Duplicate Excerpt: termux-gui-view: error: argument file: can't open 'gemini_status': [Errno 2] No such file or directory: 'gemini_status'
Duplicate Excerpt: termux-gui-view: error: argument file: can't open 'node_0': [Errno 2] No such file or directory: 'node_0'
Duplicate Excerpt: termux-gui-view: error: argument file: can't open 'node_39': [Errno 2] No such file or directory: 'node_39'
Duplicate Excerpt: termux-gui-view: error: argument file: can't open 'log_gmudd': [Errno 2] No such file or directory: 'log_gmudd'
Duplicate Excerpt: termux-gui-view: error: argument file: can't open 'log_healer': [Errno 2] No such file or directory: 'log_healer'
Duplicate Excerpt: termux-gui-view: error: argument file: can't open 'node_27': [Errno 2] No such file or directory: 'node_27'
Duplicate Excerpt: termux-gui-view: error: argument file: can't open 'log_sensor': [Errno 2] No such file or directory: 'log_sensor'
Duplicate Excerpt: termux-gui-view: error: argument file: can't open 'log_forensic': [Errno 2] No such file or directory: 'log_forensic'
Duplicate Excerpt: termux-gui-view: error: argument file: can't open 'gemini_status': [Errno 2] No such file or directory: 'gemini_status'
Duplicate Excerpt: termux-gui-view: error: argument file: can't open 'node_0': [Errno 2] No such file or directory: 'node_0'
Duplicate Excerpt: termux-gui-view: error: argument file: can't open 'node_39': [Errno 2] No such file or directory: 'node_39'
Duplicate Excerpt: termux-gui-view: error: argument file: can't open 'log_gmudd': [Errno 2] No such file or directory: 'log_gmudd'
Duplicate Excerpt: termux-gui-view: error: argument file: can't open 'log_healer': [Errno 2] No such file or directory: 'log_healer'
Duplicate Excerpt: termux-gui-view: error: argument file: can't open 'node_27': [Errno 2] No such file or directory: 'node_27'
Duplicate Excerpt: termux-gui-view: error: argument file: can't open 'log_sensor': [Errno 2] No such file or directory: 'log_sensor'
Duplicate Excerpt: termux-gui-view: error: argument file: can't open 'log_forensic': [Errno 2] No such file or directory: 'log_forensic'
Duplicate Excerpt: termux-gui-view: error: argument file: can't open 'gemini_status': [Errno 2] No such file or directory: 'gemini_status'
Duplicate Excerpt: termux-gui-view: error: argument file: can't open 'node_0': [Errno 2] No such file or directory: 'node_0'
Duplicate Excerpt: termux-gui-view: error: argument file: can't open 'node_39': [Errno 2] No such file or directory: 'node_39'
Duplicate Excerpt: termux-gui-view: error: argument file: can't open 'log_gmudd': [Errno 2] No such file or directory: 'log_gmudd'
Duplicate Excerpt: termux-gui-view: error: argument file: can't open 'log_healer': [Errno 2] No such file or directory: 'log_healer'
Duplicate Excerpt: termux-gui-view: error: argument file: can't open 'node_27': [Errno 2] No such file or directory: 'node_27'
Duplicate Excerpt: termux-gui-view: error: argument file: can't open 'log_sensor': [Errno 2] No such file or directory: 'log_sensor'
Duplicate Excerpt: termux-gui-view: error: argument file: can't open 'log_forensic': [Errno 2] No such file or directory: 'log_forensic'
Duplicate Excerpt: termux-gui-view: error: argument file: can't open 'gemini_status': [Errno 2] No such file or directory: 'gemini_status'
Duplicate Excerpt: termux-gui-view: error: argument file: can't open 'node_39': [Errno 2] No such file or directory: 'node_39'
Duplicate Excerpt: termux-gui-view: error: argument file: can't open 'log_gmudd': [Errno 2] No such file or directory: 'log_gmudd'
Duplicate Excerpt: termux-gui-view: error: argument file: can't open 'node_0': [Errno 2] No such file or directory: 'node_0'
Duplicate Excerpt: termux-gui-view: error: argument file: can't open 'log_healer': [Errno 2] No such file or directory: 'log_healer'
Duplicate Excerpt: termux-gui-view: error: argument file: can't open 'node_27': [Errno 2] No such file or directory: 'node_27'
Duplicate Excerpt: termux-gui-view: error: argument file: can't open 'log_sensor': [Errno 2] No such file or directory: 'log_sensor'
Duplicate Excerpt: termux-gui-view: error: argument file: can't open 'log_forensic': [Errno 2] No such file or directory: 'log_forensic'
Duplicate Excerpt: termux-gui-view: error: argument file: can't open 'gemini_status': [Errno 2] No such file or directory: 'gemini_status'
Duplicate Excerpt: termux-gui-view: error: argument file: can't open 'node_39': [Errno 2] No such file or directory: 'node_39'
Duplicate Excerpt: termux-gui-view: error: argument file: can't open 'log_gmudd': [Errno 2] No such file or directory: 'log_gmudd'
Duplicate Excerpt: termux-gui-view: error: argument file: can't open 'node_0': [Errno 2] No such file or directory: 'node_0'
Duplicate Excerpt: termux-gui-view: error: argument file: can't open 'log_healer': [Errno 2] No such file or directory: 'log_healer'
Duplicate Excerpt: termux-gui-view: error: argument file: can't open 'node_27': [Errno 2] No such file or directory: 'node_27'
Duplicate Excerpt: termux-gui-view: error: argument file: can't open 'log_sensor': [Errno 2] No such file or directory: 'log_sensor'
Duplicate Excerpt: termux-gui-view: error: argument file: can't open 'node_39': [Errno 2] No such file or directory: 'node_39'
Duplicate Excerpt: termux-gui-view: error: argument file: can't open 'log_forensic': [Errno 2] No such file or directory: 'log_forensic'
Duplicate Excerpt: termux-gui-view: error: argument file: can't open 'log_gmudd': [Errno 2] No such file or directory: 'log_gmudd'
Duplicate Excerpt: termux-gui-view: error: argument file: can't open 'gemini_status': [Errno 2] No such file or directory: 'gemini_status'
Duplicate Excerpt: termux-gui-view: error: argument file: can't open 'node_0': [Errno 2] No such file or directory: 'node_0'
Duplicate Excerpt: termux-gui-view: error: argument file: can't open 'log_healer': [Errno 2] No such file or directory: 'log_healer'
Duplicate Excerpt: termux-gui-view: error: argument file: can't open 'node_27': [Errno 2] No such file or directory: 'node_27'
Duplicate Excerpt: termux-gui-view: error: argument file: can't open 'log_sensor': [Errno 2] No such file or directory: 'log_sensor'
Duplicate Excerpt: termux-gui-view: error: argument file: can't open 'node_39': [Errno 2] No such file or directory: 'node_39'
Duplicate Excerpt: termux-gui-view: error: argument file: can't open 'log_forensic': [Errno 2] No such file or directory: 'log_forensic'
Duplicate Excerpt: termux-gui-view: error: argument file: can't open 'log_gmudd': [Errno 2] No such file or directory: 'log_gmudd'
Duplicate Excerpt: termux-gui-view: error: argument file: can't open 'gemini_status': [Errno 2] No such file or directory: 'gemini_status'
Duplicate Excerpt: termux-gui-view: error: argument file: can't open 'log_healer': [Errno 2] No such file or directory: 'log_healer'
Duplicate Excerpt: termux-gui-view: error: argument file: can't open 'node_0': [Errno 2] No such file or directory: 'node_0'
Duplicate Excerpt: termux-gui-view: error: argument file: can't open 'node_27': [Errno 2] No such file or directory: 'node_27'
Duplicate Excerpt: termux-gui-view: error: argument file: can't open 'log_sensor': [Errno 2] No such file or directory: 'log_sensor'
Duplicate Excerpt: termux-gui-view: error: argument file: can't open 'node_39': [Errno 2] No such file or directory: 'node_39'
Duplicate Excerpt: termux-gui-view: error: argument file: can't open 'log_forensic': [Errno 2] No such file or directory: 'log_forensic'
Duplicate Excerpt: termux-gui-view: error: argument file: can't open 'log_gmudd': [Errno 2] No such file or directory: 'log_gmudd'
Duplicate Excerpt: termux-gui-view: error: argument file: can't open 'gemini_status': [Errno 2] No such file or directory: 'gemini_status'
Duplicate Excerpt: termux-gui-view: error: argument file: can't open 'log_healer': [Errno 2] No such file or directory: 'log_healer'
Duplicate Excerpt: termux-gui-view: error: argument file: can't open 'node_0': [Errno 2] No such file or directory: 'node_0'
Duplicate Excerpt: termux-gui-view: error: argument file: can't open 'node_27': [Errno 2] No such file or directory: 'node_27'
Duplicate Excerpt: termux-gui-view: error: argument file: can't open 'log_sensor': [Errno 2] No such file or directory: 'log_sensor'
Duplicate Excerpt: termux-gui-view: error: argument file: can't open 'gemini_status': [Errno 2] No such file or directory: 'gemini_status'
Duplicate Excerpt: termux-gui-view: error: argument file: can't open 'log_healer': [Errno 2] No such file or directory: 'log_healer'
Duplicate Excerpt: termux-gui-view: error: argument file: can't open 'log_forensic': [Errno 2] No such file or directory: 'log_forensic'
Duplicate Excerpt: termux-gui-view: error: argument file: can't open 'node_0': [Errno 2] No such file or directory: 'node_0'
Duplicate Excerpt: termux-gui-view: error: argument file: can't open 'node_39': [Errno 2] No such file or directory: 'node_39'
Duplicate Excerpt: termux-gui-view: error: argument file: can't open 'log_gmudd': [Errno 2] No such file or directory: 'log_gmudd'
Duplicate Excerpt: termux-gui-view: error: argument file: can't open 'node_27': [Errno 2] No such file or directory: 'node_27'
Duplicate Excerpt: termux-gui-view: error: argument file: can't open 'log_sensor': [Errno 2] No such file or directory: 'log_sensor'
Duplicate Excerpt: termux-gui-view: error: argument file: can't open 'gemini_status': [Errno 2] No such file or directory: 'gemini_status'
Duplicate Excerpt: termux-gui-view: error: argument file: can't open 'log_healer': [Errno 2] No such file or directory: 'log_healer'
Duplicate Excerpt: termux-gui-view: error: argument file: can't open 'log_forensic': [Errno 2] No such file or directory: 'log_forensic'
Duplicate Excerpt: termux-gui-view: error: argument file: can't open 'log_gmudd': [Errno 2] No such file or directory: 'log_gmudd'
Duplicate Excerpt: termux-gui-view: error: argument file: can't open 'node_0': [Errno 2] No such file or directory: 'node_0'
Duplicate Excerpt: termux-gui-view: error: argument file: can't open 'node_39': [Errno 2] No such file or directory: 'node_39'
Duplicate Excerpt: termux-gui-view: error: argument file: can't open 'node_27': [Errno 2] No such file or directory: 'node_27'
Duplicate Excerpt: termux-gui-view: error: argument file: can't open 'log_sensor': [Errno 2] No such file or directory: 'log_sensor'
Duplicate Excerpt: termux-gui-view: error: argument file: can't open 'gemini_status': [Errno 2] No such file or directory: 'gemini_status'
Duplicate Excerpt: termux-gui-view: error: argument file: can't open 'log_healer': [Errno 2] No such file or directory: 'log_healer'
Duplicate Excerpt: termux-gui-view: error: argument file: can't open 'log_forensic': [Errno 2] No such file or directory: 'log_forensic'
Duplicate Excerpt: termux-gui-view: error: argument file: can't open 'log_gmudd': [Errno 2] No such file or directory: 'log_gmudd'
Duplicate Excerpt: termux-gui-view: error: argument file: can't open 'node_0': [Errno 2] No such file or directory: 'node_0'
Duplicate Excerpt: termux-gui-view: error: argument file: can't open 'node_39': [Errno 2] No such file or directory: 'node_39'
Duplicate Excerpt: termux-gui-view: error: argument file: can't open 'node_27': [Errno 2] No such file or directory: 'node_27'
Duplicate Excerpt: termux-gui-view: error: argument file: can't open 'log_sensor': [Errno 2] No such file or directory: 'log_sensor'
Duplicate Excerpt: termux-gui-view: error: argument file: can't open 'gemini_status': [Errno 2] No such file or directory: 'gemini_status'
Duplicate Excerpt: termux-gui-view: error: argument file: can't open 'log_healer': [Errno 2] No such file or directory: 'log_healer'
Duplicate Excerpt: termux-gui-view: error: argument file: can't open 'log_forensic': [Errno 2] No such file or directory: 'log_forensic'
Duplicate Excerpt: termux-gui-view: error: argument file: can't open 'log_gmudd': [Errno 2] No such file or directory: 'log_gmudd'
Duplicate Excerpt: termux-gui-view: error: argument file: can't open 'node_0': [Errno 2] No such file or directory: 'node_0'
Duplicate Excerpt: termux-gui-view: error: argument file: can't open 'node_39': [Errno 2] No such file or directory: 'node_39'
Duplicate Excerpt: termux-gui-view: error: argument file: can't open 'node_27': [Errno 2] No such file or directory: 'node_27'
Duplicate Excerpt: termux-gui-view: error: argument file: can't open 'log_sensor': [Errno 2] No such file or directory: 'log_sensor'
Duplicate Excerpt: termux-gui-view: error: argument file: can't open 'gemini_status': [Errno 2] No such file or directory: 'gemini_status'
Duplicate Excerpt: termux-gui-view: error: argument file: can't open 'log_healer': [Errno 2] No such file or directory: 'log_healer'
Duplicate Excerpt: termux-gui-view: error: argument file: can't open 'log_forensic': [Errno 2] No such file or directory: 'log_forensic'
Duplicate Excerpt: termux-gui-view: error: argument file: can't open 'log_gmudd': [Errno 2] No such file or directory: 'log_gmudd'
Duplicate Excerpt: termux-gui-view: error: argument file: can't open 'node_0': [Errno 2] No such file or directory: 'node_0'
Duplicate Excerpt: termux-gui-view: error: argument file: can't open 'node_39': [Errno 2] No such file or directory: 'node_39'
Duplicate Excerpt: termux-gui-view: error: argument file: can't open 'node_27': [Errno 2] No such file or directory: 'node_27'
Duplicate Excerpt: termux-gui-view: error: argument file: can't open 'log_sensor': [Errno 2] No such file or directory: 'log_sensor'
Duplicate Excerpt: termux-gui-view: error: argument file: can't open 'gemini_status': [Errno 2] No such file or directory: 'gemini_status'
Duplicate Excerpt: termux-gui-view: error: argument file: can't open 'log_healer': [Errno 2] No such file or directory: 'log_healer'
Duplicate Excerpt: termux-gui-view: error: argument file: can't open 'log_forensic': [Errno 2] No such file or directory: 'log_forensic'
Duplicate Excerpt: termux-gui-view: error: argument file: can't open 'log_gmudd': [Errno 2] No such file or directory: 'log_gmudd'
Duplicate Excerpt: termux-gui-view: error: argument file: can't open 'node_0': [Errno 2] No such file or directory: 'node_0'
Duplicate Excerpt: termux-gui-view: error: argument file: can't open 'node_39': [Errno 2] No such file or directory: 'node_39'
Duplicate Excerpt: termux-gui-view: error: argument file: can't open 'node_27': [Errno 2] No such file or directory: 'node_27'
Duplicate Excerpt: termux-gui-view: error: argument file: can't open 'log_sensor': [Errno 2] No such file or directory: 'log_sensor'
Duplicate Excerpt: termux-gui-view: error: argument file: can't open 'gemini_status': [Errno 2] No such file or directory: 'gemini_status'
Duplicate Excerpt: termux-gui-view: error: argument file: can't open 'log_healer': [Errno 2] No such file or directory: 'log_healer'
Duplicate Excerpt: termux-gui-view: error: argument file: can't open 'log_forensic': [Errno 2] No such file or directory: 'log_forensic'
Duplicate Excerpt: termux-gui-view: error: argument file: can't open 'log_gmudd': [Errno 2] No such file or directory: 'log_gmudd'
Duplicate Excerpt: termux-gui-view: error: argument file: can't open 'node_0': [Errno 2] No such file or directory: 'node_0'
Duplicate Excerpt: termux-gui-view: error: argument file: can't open 'node_39': [Errno 2] No such file or directory: 'node_39'
Duplicate Excerpt: termux-gui-view: error: argument file: can't open 'node_27': [Errno 2] No such file or directory: 'node_27'
Duplicate Excerpt: termux-gui-view: error: argument file: can't open 'log_sensor': [Errno 2] No such file or directory: 'log_sensor'
Duplicate Excerpt: termux-gui-view: error: argument file: can't open 'gemini_status': [Errno 2] No such file or directory: 'gemini_status'
Duplicate Excerpt: termux-gui-view: error: argument file: can't open 'log_healer': [Errno 2] No such file or directory: 'log_healer'
Duplicate Excerpt: termux-gui-view: error: argument file: can't open 'log_forensic': [Errno 2] No such file or directory: 'log_forensic'
Duplicate Excerpt: termux-gui-view: error: argument file: can't open 'log_gmudd': [Errno 2] No such file or directory: 'log_gmudd'
Duplicate Excerpt: termux-gui-view: error: argument file: can't open 'node_0': [Errno 2] No such file or directory: 'node_0'
Duplicate Excerpt: termux-gui-view: error: argument file: can't open 'node_27': [Errno 2] No such file or directory: 'node_27'
Duplicate Excerpt: termux-gui-view: error: argument file: can't open 'node_39': [Errno 2] No such file or directory: 'node_39'
Duplicate Excerpt: termux-gui-view: error: argument file: can't open 'log_sensor': [Errno 2] No such file or directory: 'log_sensor'
Duplicate Excerpt: termux-gui-view: error: argument file: can't open 'gemini_status': [Errno 2] No such file or directory: 'gemini_status'
Duplicate Excerpt: termux-gui-view: error: argument file: can't open 'node_0': [Errno 2] No such file or directory: 'node_0'
Duplicate Excerpt: termux-gui-view: error: argument file: can't open 'node_27': [Errno 2] No such file or directory: 'node_27'
Duplicate Excerpt: termux-gui-view: error: argument file: can't open 'log_healer': [Errno 2] No such file or directory: 'log_healer'
Duplicate Excerpt: termux-gui-view: error: argument file: can't open 'log_forensic': [Errno 2] No such file or directory: 'log_forensic'
Duplicate Excerpt: termux-gui-view: error: argument file: can't open 'log_gmudd': [Errno 2] No such file or directory: 'log_gmudd'
Duplicate Excerpt: termux-gui-view: error: argument file: can't open 'node_39': [Errno 2] No such file or directory: 'node_39'
Duplicate Excerpt: termux-gui-view: error: argument file: can't open 'log_sensor': [Errno 2] No such file or directory: 'log_sensor'
Duplicate Excerpt: termux-gui-view: error: argument file: can't open 'gemini_status': [Errno 2] No such file or directory: 'gemini_status'
Duplicate Excerpt: termux-gui-view: error: argument file: can't open 'node_0': [Errno 2] No such file or directory: 'node_0'
Duplicate Excerpt: termux-gui-view: error: argument file: can't open 'node_27': [Errno 2] No such file or directory: 'node_27'
Duplicate Excerpt: termux-gui-view: error: argument file: can't open 'log_healer': [Errno 2] No such file or directory: 'log_healer'
Duplicate Excerpt: termux-gui-view: error: argument file: can't open 'log_forensic': [Errno 2] No such file or directory: 'log_forensic'
Duplicate Excerpt: termux-gui-view: error: argument file: can't open 'log_gmudd': [Errno 2] No such file or directory: 'log_gmudd'
Duplicate Excerpt: termux-gui-view: error: argument file: can't open 'node_39': [Errno 2] No such file or directory: 'node_39'
Duplicate Excerpt: termux-gui-view: error: argument file: can't open 'log_sensor': [Errno 2] No such file or directory: 'log_sensor'
Duplicate Excerpt: termux-gui-view: error: argument file: can't open 'gemini_status': [Errno 2] No such file or directory: 'gemini_status'
Duplicate Excerpt: termux-gui-view: error: argument file: can't open 'node_0': [Errno 2] No such file or directory: 'node_0'
Duplicate Excerpt: termux-gui-view: error: argument file: can't open 'node_27': [Errno 2] No such file or directory: 'node_27'
Duplicate Excerpt: termux-gui-view: error: argument file: can't open 'log_healer': [Errno 2] No such file or directory: 'log_healer'
Duplicate Excerpt: termux-gui-view: error: argument file: can't open 'log_forensic': [Errno 2] No such file or directory: 'log_forensic'
Duplicate Excerpt: termux-gui-view: error: argument file: can't open 'log_gmudd': [Errno 2] No such file or directory: 'log_gmudd'
Duplicate Excerpt: termux-gui-view: error: argument file: can't open 'node_39': [Errno 2] No such file or directory: 'node_39'
Duplicate Excerpt: termux-gui-view: error: argument file: can't open 'log_sensor': [Errno 2] No such file or directory: 'log_sensor'
Duplicate Excerpt: termux-gui-view: error: argument file: can't open 'gemini_status': [Errno 2] No such file or directory: 'gemini_status'
Duplicate Excerpt: termux-gui-view: error: argument file: can't open 'node_39': [Errno 2] No such file or directory: 'node_39'
Duplicate Excerpt: termux-gui-view: error: argument file: can't open 'log_forensic': [Errno 2] No such file or directory: 'log_forensic'
Duplicate Excerpt: termux-gui-view: error: argument file: can't open 'gemini_status': [Errno 2] No such file or directory: 'gemini_status'
Duplicate Excerpt: termux-gui-view: error: argument file: can't open 'node_0': [Errno 2] No such file or directory: 'node_0'
Duplicate Excerpt: termux-gui-view: error: argument file: can't open 'node_27': [Errno 2] No such file or directory: 'node_27'
Duplicate Excerpt: termux-gui-view: error: argument file: can't open 'log_healer': [Errno 2] No such file or directory: 'log_healer'
Duplicate Excerpt: termux-gui-view: error: argument file: can't open 'node_39': [Errno 2] No such file or directory: 'node_39'
Duplicate Excerpt: termux-gui-view: error: argument file: can't open 'log_sensor': [Errno 2] No such file or directory: 'log_sensor'
Duplicate Excerpt: termux-gui-view: error: argument file: can't open 'log_forensic': [Errno 2] No such file or directory: 'log_forensic'
Duplicate Excerpt: termux-gui-view: error: argument file: can't open 'log_gmudd': [Errno 2] No such file or directory: 'log_gmudd'
Duplicate Excerpt: termux-gui-view: error: argument file: can't open 'gemini_status': [Errno 2] No such file or directory: 'gemini_status'
Duplicate Excerpt: termux-gui-view: error: argument file: can't open 'node_39': [Errno 2] No such file or directory: 'node_39'
Duplicate Excerpt: termux-gui-view: error: argument file: can't open 'log_forensic': [Errno 2] No such file or directory: 'log_forensic'
Duplicate Excerpt: termux-gui-view: error: argument file: can't open 'gemini_status': [Errno 2] No such file or directory: 'gemini_status'
Duplicate Excerpt: termux-gui-view: error: argument file: can't open 'node_0': [Errno 2] No such file or directory: 'node_0'
Duplicate Excerpt: termux-gui-view: error: argument file: can't open 'node_27': [Errno 2] No such file or directory: 'node_27'
Duplicate Excerpt: termux-gui-view: error: argument file: can't open 'log_healer': [Errno 2] No such file or directory: 'log_healer'
Duplicate Excerpt: termux-gui-view: error: argument file: can't open 'node_39': [Errno 2] No such file or directory: 'node_39'
Duplicate Excerpt: termux-gui-view: error: argument file: can't open 'log_forensic': [Errno 2] No such file or directory: 'log_forensic'
Duplicate Excerpt: termux-gui-view: error: argument file: can't open 'log_sensor': [Errno 2] No such file or directory: 'log_sensor'
Duplicate Excerpt: termux-gui-view: error: argument file: can't open 'log_gmudd': [Errno 2] No such file or directory: 'log_gmudd'
Duplicate Excerpt: termux-gui-view: error: argument file: can't open 'gemini_status': [Errno 2] No such file or directory: 'gemini_status'
Duplicate Excerpt: termux-gui-view: error: argument file: can't open 'node_39': [Errno 2] No such file or directory: 'node_39'
Duplicate Excerpt: termux-gui-view: error: argument file: can't open 'log_forensic': [Errno 2] No such file or directory: 'log_forensic'
Duplicate Excerpt: termux-gui-view: error: argument file: can't open 'gemini_status': [Errno 2] No such file or directory: 'gemini_status'
Duplicate Excerpt: termux-gui-view: error: argument file: can't open 'node_27': [Errno 2] No such file or directory: 'node_27'
Duplicate Excerpt: termux-gui-view: error: argument file: can't open 'log_healer': [Errno 2] No such file or directory: 'log_healer'
Duplicate Excerpt: termux-gui-view: error: argument file: can't open 'log_forensic': [Errno 2] No such file or directory: 'log_forensic'
Duplicate Excerpt: termux-gui-view: error: argument file: can't open 'node_0': [Errno 2] No such file or directory: 'node_0'
Duplicate Excerpt: termux-gui-view: error: argument file: can't open 'node_39': [Errno 2] No such file or directory: 'node_39'
Duplicate Excerpt: termux-gui-view: error: argument file: can't open 'log_sensor': [Errno 2] No such file or directory: 'log_sensor'
Duplicate Excerpt: termux-gui-view: error: argument file: can't open 'log_gmudd': [Errno 2] No such file or directory: 'log_gmudd'
Duplicate Excerpt: termux-gui-view: error: argument file: can't open 'gemini_status': [Errno 2] No such file or directory: 'gemini_status'
Duplicate Excerpt: termux-gui-view: error: argument file: can't open 'node_39': [Errno 2] No such file or directory: 'node_39'
Duplicate Excerpt: termux-gui-view: error: argument file: can't open 'log_forensic': [Errno 2] No such file or directory: 'log_forensic'
Duplicate Excerpt: termux-gui-view: error: argument file: can't open 'gemini_status': [Errno 2] No such file or directory: 'gemini_status'
Duplicate Excerpt: termux-gui-view: error: argument file: can't open 'node_27': [Errno 2] No such file or directory: 'node_27'
Duplicate Excerpt: termux-gui-view: error: argument file: can't open 'log_healer': [Errno 2] No such file or directory: 'log_healer'
Duplicate Excerpt: termux-gui-view: error: argument file: can't open 'log_forensic': [Errno 2] No such file or directory: 'log_forensic'
Duplicate Excerpt: termux-gui-view: error: argument file: can't open 'node_0': [Errno 2] No such file or directory: 'node_0'
Duplicate Excerpt: termux-gui-view: error: argument file: can't open 'node_39': [Errno 2] No such file or directory: 'node_39'
Duplicate Excerpt: termux-gui-view: error: argument file: can't open 'log_sensor': [Errno 2] No such file or directory: 'log_sensor'
Duplicate Excerpt: termux-gui-view: error: argument file: can't open 'log_gmudd': [Errno 2] No such file or directory: 'log_gmudd'
Duplicate Excerpt: termux-gui-view: error: argument file: can't open 'gemini_status': [Errno 2] No such file or directory: 'gemini_status'
Duplicate Excerpt: termux-gui-view: error: argument file: can't open 'node_39': [Errno 2] No such file or directory: 'node_39'
Duplicate Excerpt: termux-gui-view: error: argument file: can't open 'node_27': [Errno 2] No such file or directory: 'node_27'
Duplicate Excerpt: termux-gui-view: error: argument file: can't open 'log_healer': [Errno 2] No such file or directory: 'log_healer'
Duplicate Excerpt: termux-gui-view: error: argument file: can't open 'log_forensic': [Errno 2] No such file or directory: 'log_forensic'
Duplicate Excerpt: termux-gui-view: error: argument file: can't open 'gemini_status': [Errno 2] No such file or directory: 'gemini_status'
Duplicate Excerpt: termux-gui-view: error: argument file: can't open 'node_0': [Errno 2] No such file or directory: 'node_0'
Duplicate Excerpt: termux-gui-view: error: argument file: can't open 'node_39': [Errno 2] No such file or directory: 'node_39'
Duplicate Excerpt: termux-gui-view: error: argument file: can't open 'log_sensor': [Errno 2] No such file or directory: 'log_sensor'
Duplicate Excerpt: termux-gui-view: error: argument file: can't open 'log_gmudd': [Errno 2] No such file or directory: 'log_gmudd'
Duplicate Excerpt: termux-gui-view: error: argument file: can't open 'gemini_status': [Errno 2] No such file or directory: 'gemini_status'
Duplicate Excerpt: termux-gui-view: error: argument file: can't open 'node_39': [Errno 2] No such file or directory: 'node_39'
Duplicate Excerpt: termux-gui-view: error: argument file: can't open 'node_27': [Errno 2] No such file or directory: 'node_27'
Duplicate Excerpt: termux-gui-view: error: argument file: can't open 'log_healer': [Errno 2] No such file or directory: 'log_healer'
Duplicate Excerpt: termux-gui-view: error: argument file: can't open 'log_forensic': [Errno 2] No such file or directory: 'log_forensic'
Duplicate Excerpt: termux-gui-view: error: argument file: can't open 'gemini_status': [Errno 2] No such file or directory: 'gemini_status'
Duplicate Excerpt: termux-gui-view: error: argument file: can't open 'node_0': [Errno 2] No such file or directory: 'node_0'
Duplicate Excerpt: termux-gui-view: error: argument file: can't open 'node_39': [Errno 2] No such file or directory: 'node_39'
Duplicate Excerpt: termux-gui-view: error: argument file: can't open 'log_sensor': [Errno 2] No such file or directory: 'log_sensor'
Duplicate Excerpt: termux-gui-view: error: argument file: can't open 'log_gmudd': [Errno 2] No such file or directory: 'log_gmudd'
Duplicate Excerpt: termux-gui-view: error: argument file: can't open 'gemini_status': [Errno 2] No such file or directory: 'gemini_status'
Duplicate Excerpt: termux-gui-view: error: argument file: can't open 'node_39': [Errno 2] No such file or directory: 'node_39'
Duplicate Excerpt: termux-gui-view: error: argument file: can't open 'node_27': [Errno 2] No such file or directory: 'node_27'
Duplicate Excerpt: termux-gui-view: error: argument file: can't open 'log_healer': [Errno 2] No such file or directory: 'log_healer'
Duplicate Excerpt: termux-gui-view: error: argument file: can't open 'node_0': [Errno 2] No such file or directory: 'node_0'
Duplicate Excerpt: termux-gui-view: error: argument file: can't open 'log_sensor': [Errno 2] No such file or directory: 'log_sensor'
Duplicate Excerpt: termux-gui-view: error: argument file: can't open 'log_forensic': [Errno 2] No such file or directory: 'log_forensic'
Duplicate Excerpt: termux-gui-view: error: argument file: can't open 'log_gmudd': [Errno 2] No such file or directory: 'log_gmudd'
Duplicate Excerpt: termux-gui-view: error: argument file: can't open 'gemini_status': [Errno 2] No such file or directory: 'gemini_status'
Duplicate Excerpt: termux-gui-view: error: argument file: can't open 'node_39': [Errno 2] No such file or directory: 'node_39'
Duplicate Excerpt: termux-gui-view: error: argument file: can't open 'node_27': [Errno 2] No such file or directory: 'node_27'
Duplicate Excerpt: termux-gui-view: error: argument file: can't open 'log_healer': [Errno 2] No such file or directory: 'log_healer'
Duplicate Excerpt: termux-gui-view: error: argument file: can't open 'log_forensic': [Errno 2] No such file or directory: 'log_forensic'
Duplicate Excerpt: termux-gui-view: error: argument file: can't open 'gemini_status': [Errno 2] No such file or directory: 'gemini_status'
Duplicate Excerpt: termux-gui-view: error: argument file: can't open 'node_0': [Errno 2] No such file or directory: 'node_0'
Duplicate Excerpt: termux-gui-view: error: argument file: can't open 'node_39': [Errno 2] No such file or directory: 'node_39'
