
[VOLLEY 1] INITIATING STRIKE
STATE fast next
[VOLLEY 2] INITIATING STRIKE
STATE fast next
[VOLLEY 3] INITIATING STRIKE
STATE fast next
[VOLLEY 4] INITIATING STRIKE
STATE fast next
[VOLLEY 5] INITIATING STRIKE
STATE fast next
[VOLLEY 6] INITIATING STRIKE
STATE think next plus 1
[VOLLEY 7] INITIATING STRIKE
STATE think next plus 1
[VOLLEY 8] INITIATING STRIKE
STATE pro next plus 1
[VOLLEY 9] INITIATING STRIKE
STATE pro next plus stall ticket
[VOLLEY 10] INITIATING STRIKE
STATE pro stall plus STALL
ACTION REQUIRED Execute Ignition Widget on S25 FE
