[Thu Apr  2 17:55:29 UTC 2026] TICKET 20260402-1253-MESH-PRO-REPAIR ACTIVE
[Thu Apr  2 17:55:29 UTC 2026] STALLED TICKETS 20260402-1225 20260402-1215 MOVED TO STUCK
[Thu Apr  2 17:55:29 UTC 2026] MESH HEALER REWRITTEN AND EXECUTED FOR 39.MH AND 201.MH
[Thu Apr  2 18:14:33 UTC 2026] TICKET 20260402-1415 ACTIVE: GOLDEN FLAGS APPLIED
[Thu Apr  2 18:14:33 UTC 2026] HELSINKI TUNNEL IGNITED WITH IPQoS=THROUGHPUT
[Thu Apr  2 18:15:46 UTC 2026] TICKET 20260402-1430 ACTIVE: PRO DEEP DIVE
[Thu Apr  2 18:15:46 UTC 2026] ANALYSIS: HELSINKI EXTERNAL UP / PROXY 8080 ACTIVE / WRAPPER PATCHED
[Thu Apr  2 18:15:46 UTC 2026] STALLED TICKETS STATUS: STUCK (Awaiting manual 201 mesh confirmation)
[Thu Apr  2 18:24:46 UTC 2026] TICKET 20260402-1520 ACTIVE: TOPOLOGY REFACTOR TO 10.8.0.0/24
[Thu Apr  2 18:27:06 UTC 2026] TICKET 20260402-1530 ACTIVE: SSH CONFIG SYNCED FOR 10.8.X.X
[Thu Apr  2 18:31:53 UTC 2026] MESH RECOVERY FAILED: 10.8.0.1 UNREACHABLE
[Thu Apr  2 18:40:56 UTC 2026] TICKET 20260402-1945 ACTIVE: LOCAL PORT FORWARDING ESTABLISHED
[Thu Apr  2 18:42:45 UTC 2026] TICKET 20260402-1955 ACTIVE: END-TO-END MESH VERIFICATION
[Thu Apr  2 18:42:45 UTC 2026] CLOSED 20260402-1945 20260402-1925 20260402-1915 20260402-1910
[Thu Apr  2 18:44:13 UTC 2026] TICKET 20260402-2005 ACTIVE: GATEWAY-TO-PEER DIAGNOSTIC
[Thu Apr  2 18:45:48 UTC 2026] TICKET 20260402-2015 ACTIVE: LOCAL WIREGUARD DIAGNOSTIC
[Thu Apr  2 19:11:43 UTC 2026] TICKET 20260402-2025 ACTIVE: LOCAL IFCONFIG AND PING PROBE
[Thu Apr  2 19:16:41 UTC 2026] MESH RECOVERY SUCCESSFUL
[Thu Apr  2 19:16:41 UTC 2026] ANCHOR: 8083 (HUB) / 8081 (PEER)
[Thu Apr  2 19:17:25 UTC 2026] TICKET 20260402-2245 CLOSED: MESH ANCHORED
[Thu Apr  2 19:25:25 UTC 2026] TICKET 20260403-0115 ACTIVE: BRIDGES SECURED / MONITORING ENGAGED
[Thu Apr  2 19:34:01 UTC 2026] TICKET 20260403-0215 ACTIVE: GATEWAY VITALITY ANCHORED
[Thu Apr  2 19:34:01 UTC 2026] MESH FOCUS: 39.MH HUB SECURED
[Thu Apr  2 19:37:15 UTC 2026] TICKET 20260403-0300 CLOSED: HUB VITALITY CONFIRMED
[Thu Apr  2 19:37:15 UTC 2026] MESH STATE: OPERATIONAL (HUB ONLY)
[Thu Apr  2 19:37:46 UTC 2026] TICKET 20260403-0300 CLOSED: HUB VITALITY CONFIRMED
[Thu Apr  2 19:37:46 UTC 2026] MESH STATE: OPERATIONAL (HUB ONLY)
[Thu Apr  2 20:05:38 UTC 2026] TICKET 20260402-1515 ACTIVE: TAKEOUT INGESTION/OFFWORLD LOOP EXECUTED
[Thu Apr  2 20:09:43 UTC 2026] MESH STATE: TAKEOUT PURGE COMPLETE
[Thu Apr  2 20:22:17 UTC 2026] TICKET 20260403-0445 ACTIVE: STORAGE MONITOR LIVE / VIDEO SWEEP EXECUTED
[Thu Apr  2 20:45:09 UTC 2026] TICKET 20260403-0515 ACTIVE: JOVIAN OVERSEER GUI DEPLOYED
[Thu Apr  2 21:08:56 UTC 2026] TICKET 20260403-0545 ACTIVE: MVC-A ROADMAP & PGSQL TRACKING INITIALIZED
[Thu Apr  2 21:11:08 UTC 2026] TICKET 20260403-0600 ACTIVE: VIEW MODULE (termux-gui) DEPLOYED
