--- [1/2] HELSINKI GATEWAY MTU CLAMPING ---
Pseudo-terminal will not be allocated because stdin is not a terminal.
Welcome to Ubuntu 24.04.3 LTS (GNU/Linux 6.8.0-106-generic x86_64)

 * Documentation:  https://help.ubuntu.com
 * Management:     https://landscape.canonical.com
 * Support:        https://ubuntu.com/pro

 System information as of Thu Apr  2 07:23:00 PM UTC 2026

  System load:  0.26               Processes:             203
  Usage of /:   50.1% of 37.23GB   Users logged in:       0
  Memory usage: 36%                IPv4 address for eth0: 204.168.138.60
  Swap usage:   0%                 IPv6 address for eth0: 2a01:4f9:c014:d18::1

 * Strictly confined Kubernetes makes edge and IoT secure. Learn how MicroK8s
   just raised the bar for easy, resilient and secure K8s cluster deployment.

   https://ubuntu.com/engage/secure-kubernetes-at-the-edge

Expanded Security Maintenance for Applications is not enabled.

53 updates can be applied immediately.
To see these additional updates run: apt list --upgradable

7 additional security updates can be applied with ESM Apps.
Learn more about enabling ESM Apps service at https://ubuntu.com/esm


You have new mail.
GATEWAY_MTU_CLAMPED_1280
--- [2/2] LOCAL MTU/BUFFER PROBE ---
ssh: connect to host 127.0.0.1 port 8081: Connection refused
MTU_STALL_PERSISTS
