[EXEC] Attempt 1 for: apt-get update -qq && apt-get install -y ppp
Reading package lists...
Building dependency tree...
Reading state information...
ppp is already the newest version (2.4.9-1+1.1ubuntu4).
The following packages were automatically installed and are no longer required:
  gyp handlebars libcares2 libjs-async libjs-events libjs-inherits
  libjs-is-typedarray libjs-prettify libjs-regenerate libjs-source-map
  libjs-sprintf-js libjs-typedarray-to-buffer libre2-10 libssl-dev libuv1-dev
  node-abbrev node-ampproject-remapping node-ansi-escapes node-ansi-regex
  node-ansi-styles node-aproba node-are-we-there-yet node-argparse node-arrify
  node-async node-async-each node-auto-bind
  node-babel-plugin-add-module-exports node-babel7-runtime node-balanced-match
  node-base64-js node-binary-extensions node-brace-expansion node-busboy
  node-camelcase node-caniuse-lite node-chownr node-chrome-trace-event
  node-ci-info node-cjs-module-lexer node-cli-boxes node-cli-cursor node-clone
  node-clone-deep node-collection-visit node-color-convert node-color-name
  node-colors node-commander node-commondir node-concat-stream
  node-console-control-strings node-convert-source-map node-core-js
  node-core-js-pure node-core-util-is node-data-uri-to-buffer
  node-decompress-response node-deep-is node-defaults node-define-property
  node-delegates node-depd node-diff node-electron-to-chromium node-encoding
  node-end-of-stream node-err-code node-error-ex node-es-module-lexer
  node-escape-string-regexp node-eslint-utils node-eslint-visitor-keys
  node-esquery node-estraverse node-esutils node-events node-fancy-log
  node-fast-deep-equal node-fast-levenshtein node-fetch node-find-up
  node-flatted node-for-in node-for-own node-foreground-child
  node-fs-readdir-recursive node-fs-write-stream-atomic node-fs.realpath
  node-function-bind node-functional-red-black-tree node-get-caller-file
  node-get-stream node-get-value node-glob node-globals node-got
  node-graceful-fs node-growl node-has-flag node-has-unicode node-has-value
  node-has-values node-hosted-git-info node-iconv-lite node-ieee754 node-iferr
  node-imurmurhash node-indent-string node-inflight node-inherits node-ini
  node-interpret node-ip node-ip-regex node-is-arrayish node-is-binary-path
  node-is-buffer node-is-descriptor node-is-extendable node-is-extglob
  node-is-path-cwd node-is-plain-obj node-is-plain-object node-is-stream
  node-is-typedarray node-is-windows node-isarray node-isexe node-isobject
  node-js-tokens node-jsesc node-json-buffer node-json-parse-better-errors
  node-json-schema node-json-schema-traverse node-json-stable-stringify
  node-jsonify node-jsonparse node-kind-of node-levn node-loader-runner
  node-locate-path node-lodash-packages node-log-driver node-lowercase-keys
  node-lru-cache node-map-visit node-memfs node-merge-stream
  node-mimic-response node-minimatch node-minimist node-minipass
  node-mixin-deep node-mute-stream node-n3 node-negotiator node-neo-async
  node-npm-run-path node-object-inspect node-object-visit node-once
  node-optimist node-optionator node-osenv node-p-cancelable node-p-limit
  node-p-locate node-p-map node-pascalcase node-path-dirname node-path-exists
  node-path-is-absolute node-path-is-inside node-path-type node-pify
  node-pkg-dir node-postcss-value-parser node-prelude-ls
  node-process-nextick-args node-promise-inflight node-promise-retry
  node-promzard node-prr node-pump node-punycode node-quick-lru
  node-randombytes node-read node-readable-stream node-rechoir node-regenerate
  node-regenerate-unicode-properties node-regenerator-runtime
  node-regenerator-transform node-regexpp node-regjsgen node-repeat-string
  node-require-directory node-require-from-string node-resolve
  node-resolve-cwd node-resolve-from node-restore-cursor node-resumer
  node-retry node-run-queue node-safe-buffer node-sellside-emitter
  node-serialize-javascript node-set-blocking node-set-immediate-shim
  node-shebang-command node-shebang-regex node-shell-quote node-signal-exit
  node-slash node-slice-ansi node-source-list-map node-source-map
  node-source-map-support node-spdx-correct node-spdx-exceptions
  node-spdx-expression-parse node-spdx-license-ids node-sprintf-js node-ssri
  node-stack-utils node-string-decoder node-strip-bom node-strip-json-comments
  node-supports-color node-tapable node-terser node-text-table node-through
  node-time-stamp node-to-fast-properties node-tslib node-type-check
  node-typedarray node-typedarray-to-buffer node-undici
  node-unicode-canonical-property-names-ecmascript
  node-unicode-match-property-value-ecmascript
  node-unicode-property-aliases-ecmascript node-unique-filename
  node-unset-value node-uri-js node-util-deprecate node-uuid node-v8flags
  node-validate-npm-package-license node-wcwidth.js node-webpack-sources
  node-wordwrap node-wrappy node-write-file-atomic node-xtend node-y18n
  node-yallist node-yaml
Use 'apt autoremove' to remove them.
0 upgraded, 0 newly installed, 0 to remove and 53 not upgraded.
[SUCCESS] CRC Verified
