Checking availability of current mirror:
[*] https://packages-cf.termux.dev/apt/termux-main: ok

WARNING: apt does not have a stable CLI interface. Use with caution in scripts.

Get:1 https://tur.kcubeterm.com tur-packages InRelease
Get:2 https://packages-cf.termux.dev/apt/termux-main stable InRelease [14.0 kB]
Hit:3 https://packages-cf.termux.dev/apt/termux-root root InRelease
Get:4 https://packages-cf.termux.dev/apt/termux-x11 x11 InRelease [14.0 kB]
Get:5 https://packages-cf.termux.dev/apt/termux-main stable/main aarch64 Packages [545 kB]
Get:6 https://packages-cf.termux.dev/apt/termux-main stable/main aarch64 Contents (deb) [3020 kB]
Get:7 https://packages-cf.termux.dev/apt/termux-x11 x11/main aarch64 Packages [195 kB]
Fetched 3807 kB in 5s (766 kB/s)
Reading package lists...
Building dependency tree...
Reading state information...
47 packages can be upgraded. Run 'apt list --upgradable' to see them.

WARNING: apt does not have a stable CLI interface. Use with caution in scripts.

Reading package lists...
Building dependency tree...
Reading state information...
E: Unable to locate package ppp
/data/data/com.termux/files/home/Sovereign_Node_Go/bin/ignite_ppp.sh: line 7: /data/data/com.termux/files/usr/bin/pppd: No such file or directory
Warning: cannot open /proc/net/dev (Permission denied). Limited output.
/data/data/com.termux/files/home/Sovereign_Node_Go/bin/ignite_ppp.sh: line 7: /data/data/com.termux/files/usr/bin/pppd: No such file or directory
Warning: cannot open /proc/net/dev (Permission denied). Limited output.
