--- [1/2] GATEWAY SIDE-CHANNEL AUDIT ---
Pseudo-terminal will not be allocated because stdin is not a terminal.
Warning: Permanently added '[127.0.0.1]:8083' (ED25519) to the list of known hosts.
Welcome to Ubuntu 24.04.3 LTS (GNU/Linux 6.8.0-106-generic x86_64)

 * Documentation:  https://help.ubuntu.com
 * Management:     https://landscape.canonical.com
 * Support:        https://ubuntu.com/pro

 System information as of Thu Apr  2 07:17:27 PM UTC 2026

  System load:  0.14               Processes:             203
  Usage of /:   50.1% of 37.23GB   Users logged in:       0
  Memory usage: 36%                IPv4 address for eth0: 204.168.138.60
  Swap usage:   0%                 IPv6 address for eth0: 2a01:4f9:c014:d18::1

 * Strictly confined Kubernetes makes edge and IoT secure. Learn how MicroK8s
   just raised the bar for easy, resilient and secure K8s cluster deployment.

   https://ubuntu.com/engage/secure-kubernetes-at-the-edge

Expanded Security Maintenance for Applications is not enabled.

53 updates can be applied immediately.
To see these additional updates run: apt list --upgradable

7 additional security updates can be applied with ESM Apps.
Learn more about enabling ESM Apps service at https://ubuntu.com/esm


You have new mail.
--- GATEWAY WG PEER STATS ---
uXPtRxZRpjzsdDtRaUU5WGBB09oOb9xFUKnT7ptTGz4=
9wxIW8pIOGFIdLC4sfqHqdz6Vz0hf/xrZ3zTMwzNCkw=
pJTmDglx7o5DLyyIyrNqVVzd8+58E6O07mBYYcRG6hA=
--- GATEWAY TCP PROBE TO PEER ---
bash: connect: No route to host
bash: line 1: /dev/tcp/10.8.0.2/22: No route to host
PEER_TCP_22_CLOSED
--- [2/2] LOCAL BRIDGE ROTATION ---
--- ROTATED HANDSHAKE (PORT 8084) ---
kex_exchange_identification: read: Connection reset by peer
Connection reset by 127.0.0.1 port 8084
PEER_STILL_RESET
